Archive member included to satisfy reference by file (symbol)

c:/st/stm32cubeide_1.7.0/stm32cubeide/plugins/com.st.stm32cube.ide.mcu.externaltools.gnu-tools-for-stm32.9-2020-q2-update.win32_2.0.0.202105311346/tools/bin/../lib/gcc/arm-none-eabi/9.3.1/../../../../arm-none-eabi/lib/thumb/v7-m/nofp\libc_nano.a(lib_a-errno.o)
                              ./Core/Src/syscalls.o (__errno)
c:/st/stm32cubeide_1.7.0/stm32cubeide/plugins/com.st.stm32cube.ide.mcu.externaltools.gnu-tools-for-stm32.9-2020-q2-update.win32_2.0.0.202105311346/tools/bin/../lib/gcc/arm-none-eabi/9.3.1/../../../../arm-none-eabi/lib/thumb/v7-m/nofp\libc_nano.a(lib_a-exit.o)
                              c:/st/stm32cubeide_1.7.0/stm32cubeide/plugins/com.st.stm32cube.ide.mcu.externaltools.gnu-tools-for-stm32.9-2020-q2-update.win32_2.0.0.202105311346/tools/bin/../lib/gcc/arm-none-eabi/9.3.1/../../../../arm-none-eabi/lib/thumb/v7-m/nofp/crt0.o (exit)
c:/st/stm32cubeide_1.7.0/stm32cubeide/plugins/com.st.stm32cube.ide.mcu.externaltools.gnu-tools-for-stm32.9-2020-q2-update.win32_2.0.0.202105311346/tools/bin/../lib/gcc/arm-none-eabi/9.3.1/../../../../arm-none-eabi/lib/thumb/v7-m/nofp\libc_nano.a(lib_a-impure.o)
                              c:/st/stm32cubeide_1.7.0/stm32cubeide/plugins/com.st.stm32cube.ide.mcu.externaltools.gnu-tools-for-stm32.9-2020-q2-update.win32_2.0.0.202105311346/tools/bin/../lib/gcc/arm-none-eabi/9.3.1/../../../../arm-none-eabi/lib/thumb/v7-m/nofp\libc_nano.a(lib_a-exit.o) (_global_impure_ptr)
c:/st/stm32cubeide_1.7.0/stm32cubeide/plugins/com.st.stm32cube.ide.mcu.externaltools.gnu-tools-for-stm32.9-2020-q2-update.win32_2.0.0.202105311346/tools/bin/../lib/gcc/arm-none-eabi/9.3.1/../../../../arm-none-eabi/lib/thumb/v7-m/nofp\libc_nano.a(lib_a-init.o)
                              c:/st/stm32cubeide_1.7.0/stm32cubeide/plugins/com.st.stm32cube.ide.mcu.externaltools.gnu-tools-for-stm32.9-2020-q2-update.win32_2.0.0.202105311346/tools/bin/../lib/gcc/arm-none-eabi/9.3.1/../../../../arm-none-eabi/lib/thumb/v7-m/nofp/crt0.o (__libc_init_array)
c:/st/stm32cubeide_1.7.0/stm32cubeide/plugins/com.st.stm32cube.ide.mcu.externaltools.gnu-tools-for-stm32.9-2020-q2-update.win32_2.0.0.202105311346/tools/bin/../lib/gcc/arm-none-eabi/9.3.1/../../../../arm-none-eabi/lib/thumb/v7-m/nofp\libc_nano.a(lib_a-malloc.o)
                              ./Core/Src/scheduler.o (malloc)
c:/st/stm32cubeide_1.7.0/stm32cubeide/plugins/com.st.stm32cube.ide.mcu.externaltools.gnu-tools-for-stm32.9-2020-q2-update.win32_2.0.0.202105311346/tools/bin/../lib/gcc/arm-none-eabi/9.3.1/../../../../arm-none-eabi/lib/thumb/v7-m/nofp\libc_nano.a(lib_a-memset.o)
                              c:/st/stm32cubeide_1.7.0/stm32cubeide/plugins/com.st.stm32cube.ide.mcu.externaltools.gnu-tools-for-stm32.9-2020-q2-update.win32_2.0.0.202105311346/tools/bin/../lib/gcc/arm-none-eabi/9.3.1/../../../../arm-none-eabi/lib/thumb/v7-m/nofp/crt0.o (memset)
c:/st/stm32cubeide_1.7.0/stm32cubeide/plugins/com.st.stm32cube.ide.mcu.externaltools.gnu-tools-for-stm32.9-2020-q2-update.win32_2.0.0.202105311346/tools/bin/../lib/gcc/arm-none-eabi/9.3.1/../../../../arm-none-eabi/lib/thumb/v7-m/nofp\libc_nano.a(lib_a-nano-freer.o)
                              c:/st/stm32cubeide_1.7.0/stm32cubeide/plugins/com.st.stm32cube.ide.mcu.externaltools.gnu-tools-for-stm32.9-2020-q2-update.win32_2.0.0.202105311346/tools/bin/../lib/gcc/arm-none-eabi/9.3.1/../../../../arm-none-eabi/lib/thumb/v7-m/nofp\libc_nano.a(lib_a-malloc.o) (_free_r)
c:/st/stm32cubeide_1.7.0/stm32cubeide/plugins/com.st.stm32cube.ide.mcu.externaltools.gnu-tools-for-stm32.9-2020-q2-update.win32_2.0.0.202105311346/tools/bin/../lib/gcc/arm-none-eabi/9.3.1/../../../../arm-none-eabi/lib/thumb/v7-m/nofp\libc_nano.a(lib_a-nano-mallocr.o)
                              c:/st/stm32cubeide_1.7.0/stm32cubeide/plugins/com.st.stm32cube.ide.mcu.externaltools.gnu-tools-for-stm32.9-2020-q2-update.win32_2.0.0.202105311346/tools/bin/../lib/gcc/arm-none-eabi/9.3.1/../../../../arm-none-eabi/lib/thumb/v7-m/nofp\libc_nano.a(lib_a-malloc.o) (_malloc_r)
c:/st/stm32cubeide_1.7.0/stm32cubeide/plugins/com.st.stm32cube.ide.mcu.externaltools.gnu-tools-for-stm32.9-2020-q2-update.win32_2.0.0.202105311346/tools/bin/../lib/gcc/arm-none-eabi/9.3.1/../../../../arm-none-eabi/lib/thumb/v7-m/nofp\libc_nano.a(lib_a-sbrkr.o)
                              c:/st/stm32cubeide_1.7.0/stm32cubeide/plugins/com.st.stm32cube.ide.mcu.externaltools.gnu-tools-for-stm32.9-2020-q2-update.win32_2.0.0.202105311346/tools/bin/../lib/gcc/arm-none-eabi/9.3.1/../../../../arm-none-eabi/lib/thumb/v7-m/nofp\libc_nano.a(lib_a-nano-mallocr.o) (_sbrk_r)
c:/st/stm32cubeide_1.7.0/stm32cubeide/plugins/com.st.stm32cube.ide.mcu.externaltools.gnu-tools-for-stm32.9-2020-q2-update.win32_2.0.0.202105311346/tools/bin/../lib/gcc/arm-none-eabi/9.3.1/../../../../arm-none-eabi/lib/thumb/v7-m/nofp\libc_nano.a(lib_a-snprintf.o)
                              ./Core/Src/System_FSM.o (snprintf)
[...]
Memory Configuration

Name             Origin             Length             Attributes
RAM              0x0000000020000000 0x0000000000005000 xrw
FLASH            0x0000000008000000 0x0000000000020000 xr
*default*        0x0000000000000000 0xffffffffffffffff

Linker script and memory map

LOAD c:/st/stm32cubeide_1.7.0/stm32cubeide/plugins/com.st.stm32cube.ide.mcu.externaltools.gnu-tools-for-stm32.9-2020-q2-update.win32_2.0.0.202105311346/tools/bin/../lib/gcc/arm-none-eabi/9.3.1/thumb/v7-m/nofp/crti.o
LOAD c:/st/stm32cubeide_1.7.0/stm32cubeide/plugins/com.st.stm32cube.ide.mcu.externaltools.gnu-tools-for-stm32.9-2020-q2-update.win32_2.0.0.202105311346/tools/bin/../lib/gcc/arm-none-eabi/9.3.1/thumb/v7-m/nofp/crtbegin.o
LOAD c:/st/stm32cubeide_1.7.0/stm32cubeide/plugins/com.st.stm32cube.ide.mcu.externaltools.gnu-tools-for-stm32.9-2020-q2-update.win32_2.0.0.202105311346/tools/bin/../lib/gcc/arm-none-eabi/9.3.1/../../../../arm-none-eabi/lib/thumb/v7-m/nofp/crt0.o
LOAD ./Core/Src/ESP8266_HAL.o
LOAD ./Core/Src/System_FSM.o
LOAD ./Core/Src/Traffic_Light_FSM.o
LOAD ./Core/Src/UartRingbuffer.o
LOAD ./Core/Src/button.o
LOAD ./Core/Src/global.o
LOAD ./Core/Src/i2c-lcd.o
LOAD ./Core/Src/main.o
LOAD ./Core/Src/scheduler.o
LOAD ./Core/Src/software_timer.o
LOAD ./Core/Src/stm32f1xx_hal_msp.o
LOAD ./Core/Src/stm32f1xx_it.o
LOAD ./Core/Src/syscalls.o
LOAD ./Core/Src/sysmem.o
LOAD ./Core/Src/system_stm32f1xx.o
LOAD ./Core/Startup/startup_stm32f103rbtx.o
LOAD ./Drivers/STM32F1xx_HAL_Driver/Src/stm32f1xx_hal.o
LOAD ./Drivers/STM32F1xx_HAL_Driver/Src/stm32f1xx_hal_cortex.o
LOAD ./Drivers/STM32F1xx_HAL_Driver/Src/stm32f1xx_hal_dma.o
LOAD ./Drivers/STM32F1xx_HAL_Driver/Src/stm32f1xx_hal_exti.o
LOAD ./Drivers/STM32F1xx_HAL_Driver/Src/stm32f1xx_hal_flash.o
LOAD ./Drivers/STM32F1xx_HAL_Driver/Src/stm32f1xx_hal_flash_ex.o
LOAD ./Drivers/STM32F1xx_HAL_Driver/Src/stm32f1xx_hal_gpio.o
LOAD ./Drivers/STM32F1xx_HAL_Driver/Src/stm32f1xx_hal_gpio_ex.o
LOAD ./Drivers/STM32F1xx_HAL_Driver/Src/stm32f1xx_hal_i2c.o
LOAD ./Drivers/STM32F1xx_HAL_Driver/Src/stm32f1xx_hal_pwr.o
LOAD ./Drivers/STM32F1xx_HAL_Driver/Src/stm32f1xx_hal_rcc.o
LOAD ./Drivers/STM32F1xx_HAL_Driver/Src/stm32f1xx_hal_rcc_ex.o
LOAD ./Drivers/STM32F1xx_HAL_Driver/Src/stm32f1xx_hal_tim.o
LOAD ./Drivers/STM32F1xx_HAL_Driver/Src/stm32f1xx_hal_tim_ex.o
LOAD ./Drivers/STM32F1xx_HAL_Driver/Src/stm32f1xx_hal_uart.o
START GROUP
LOAD c:/st/stm32cubeide_1.7.0/stm32cubeide/plugins/com.st.stm32cube.ide.mcu.externaltools.gnu-tools-for-stm32.9-2020-q2-update.win32_2.0.0.202105311346/tools/bin/../lib/gcc/arm-none-eabi/9.3.1/../../../../arm-none-eabi/lib/thumb/v7-m/nofp\libstdc++_nano.a
LOAD c:/st/stm32cubeide_1.7.0/stm32cubeide/plugins/com.st.stm32cube.ide.mcu.externaltools.gnu-tools-for-stm32.9-2020-q2-update.win32_2.0.0.202105311346/tools/bin/../lib/gcc/arm-none-eabi/9.3.1/../../../../arm-none-eabi/lib/thumb/v7-m/nofp\libsupc++_nano.a
END GROUP
LOAD c:/st/stm32cubeide_1.7.0/stm32cubeide/plugins/com.st.stm32cube.ide.mcu.externaltools.gnu-tools-for-stm32.9-2020-q2-update.win32_2.0.0.202105311346/tools/bin/../lib/gcc/arm-none-eabi/9.3.1/../../../../arm-none-eabi/lib/thumb/v7-m/nofp\libstdc++_nano.a
LOAD c:/st/stm32cubeide_1.7.0/stm32cubeide/plugins/com.st.stm32cube.ide.mcu.externaltools.gnu-tools-for-stm32.9-2020-q2-update.win32_2.0.0.202105311346/tools/bin/../lib/gcc/arm-none-eabi/9.3.1/../../../../arm-none-eabi/lib/thumb/v7-m/nofp\libm.a
LOAD c:/st/stm32cubeide_1.7.0/stm32cubeide/plugins/com.st.stm32cube.ide.mcu.externaltools.gnu-tools-for-stm32.9-2020-q2-update.win32_2.0.0.202105311346/tools/bin/../lib/gcc/arm-none-eabi/9.3.1/../../../../arm-none-eabi/lib/thumb/v7-m/nofp\libc_nano.a
START GROUP
LOAD c:/st/stm32cubeide_1.7.0/stm32cubeide/plugins/com.st.stm32cube.ide.mcu.externaltools.gnu-tools-for-stm32.9-2020-q2-update.win32_2.0.0.202105311346/tools/bin/../lib/gcc/arm-none-eabi/9.3.1/thumb/v7-m/nofp\libgcc.a
LOAD c:/st/stm32cubeide_1.7.0/stm32cubeide/plugins/com.st.stm32cube.ide.mcu.externaltools.gnu-tools-for-stm32.9-2020-q2-update.win32_2.0.0.202105311346/tools/bin/../lib/gcc/arm-none-eabi/9.3.1/../../../../arm-none-eabi/lib/thumb/v7-m/nofp\libc_nano.a
END GROUP
START GROUP
LOAD c:/st/stm32cubeide_1.7.0/stm32cubeide/plugins/com.st.stm32cube.ide.mcu.externaltools.gnu-tools-for-stm32.9-2020-q2-update.win32_2.0.0.202105311346/tools/bin/../lib/gcc/arm-none-eabi/9.3.1/thumb/v7-m/nofp\libgcc.a
LOAD c:/st/stm32cubeide_1.7.0/stm32cubeide/plugins/com.st.stm32cube.ide.mcu.externaltools.gnu-tools-for-stm32.9-2020-q2-update.win32_2.0.0.202105311346/tools/bin/../lib/gcc/arm-none-eabi/9.3.1/../../../../arm-none-eabi/lib/thumb/v7-m/nofp\libc_nano.a
LOAD c:/st/stm32cubeide_1.7.0/stm32cubeide/plugins/com.st.stm32cube.ide.mcu.externaltools.gnu-tools-for-stm32.9-2020-q2-update.win32_2.0.0.202105311346/tools/bin/../lib/gcc/arm-none-eabi/9.3.1/../../../../arm-none-eabi/lib/thumb/v7-m/nofp\libnosys.a
END GROUP
START GROUP
LOAD c:/st/stm32cubeide_1.7.0/stm32cubeide/plugins/com.st.stm32cube.ide.mcu.externaltools.gnu-tools-for-stm32.9-2020-q2-update.win32_2.0.0.202105311346/tools/bin/../lib/gcc/arm-none-eabi/9.3.1/thumb/v7-m/nofp\libgcc.a
LOAD c:/st/stm32cubeide_1.7.0/stm32cubeide/plugins/com.st.stm32cube.ide.mcu.externaltools.gnu-tools-for-stm32.9-2020-q2-update.win32_2.0.0.202105311346/tools/bin/../lib/gcc/arm-none-eabi/9.3.1/../../../../arm-none-eabi/lib/thumb/v7-m/nofp\libc_nano.a
LOAD c:/st/stm32cubeide_1.7.0/stm32cubeide/plugins/com.st.stm32cube.ide.mcu.externaltools.gnu-tools-for-stm32.9-2020-q2-update.win32_2.0.0.202105311346/tools/bin/../lib/gcc/arm-none-eabi/9.3.1/../../../../arm-none-eabi/lib/thumb/v7-m/nofp\libnosys.a
END GROUP
LOAD c:/st/stm32cubeide_1.7.0/stm32cubeide/plugins/com.st.stm32cube.ide.mcu.externaltools.gnu-tools-for-stm32.9-2020-q2-update.win32_2.0.0.202105311346/tools/bin/../lib/gcc/arm-none-eabi/9.3.1/thumb/v7-m/nofp/crtend.o
LOAD c:/st/stm32cubeide_1.7.0/stm32cubeide/plugins/com.st.stm32cube.ide.mcu.externaltools.gnu-tools-for-stm32.9-2020-q2-update.win32_2.0.0.202105311346/tools/bin/../lib/gcc/arm-none-eabi/9.3.1/thumb/v7-m/nofp/crtn.o
                0x0000000020005000                _estack = (ORIGIN (RAM) + LENGTH (RAM))
                0x0000000000000200                _Min_Heap_Size = 0x200
                0x0000000000000400                _Min_Stack_Size = 0x400

.isr_vector     0x0000000008000000      0x10c
                0x0000000008000000                . = ALIGN (0x4)
 *(.isr_vector)
 .isr_vector    0x0000000008000000      0x10c ./Core/Startup/startup_stm32f103rbtx.o
                0x0000000008000000                g_pfnVectors
                0x000000000800010c                . = ALIGN (0x4)

.text           0x000000000800010c     0x60d4
                0x000000000800010c                . = ALIGN (0x4)
 *(.text)
 .text          0x000000000800010c       0x40 c:/st/stm32cubeide_1.7.0/stm32cubeide/plugins/com.st.stm32cube.ide.mcu.externaltools.gnu-tools-for-stm32.9-2020-q2-update.win32_2.0.0.202105311346/tools/bin/../lib/gcc/arm-none-eabi/9.3.1/thumb/v7-m/nofp/crtbegin.o
 .text          0x000000000800014c       0x14 c:/st/stm32cubeide_1.7.0/stm32cubeide/plugins/com.st.stm32cube.ide.mcu.externaltools.gnu-tools-for-stm32.9-2020-q2-update.win32_2.0.0.202105311346/tools/bin/../lib/gcc/arm-none-eabi/9.3.1/../../../../arm-none-eabi/lib/thumb/v7-m/nofp\libc_nano.a(lib_a-strcmp.o)
                0x000000000800014c                strcmp
 .text          0x0000000008000160       0x10 c:/st/stm32cubeide_1.7.0/stm32cubeide/plugins/com.st.stm32cube.ide.mcu.externaltools.gnu-tools-for-stm32.9-2020-q2-update.win32_2.0.0.202105311346/tools/bin/../lib/gcc/arm-none-eabi/9.3.1/../../../../arm-none-eabi/lib/thumb/v7-m/nofp\libc_nano.a(lib_a-strlen.o)
                0x0000000008000160                strlen
 *(.text*)
 .text.ESP_Init
                0x0000000008000170      0x1f0 ./Core/Src/ESP8266_HAL.o
                0x0000000008000170                ESP_Init
 .text.Server_Send
                0x0000000008000360       0xa0 ./Core/Src/ESP8266_HAL.o
                0x0000000008000360                Server_Send
 .text.Server_Handle
                0x0000000008000400      0x1f8 ./Core/Src/ESP8266_HAL.o
                0x0000000008000400                Server_Handle
 .text.Server_Start
                0x00000000080005f8       0xd4 ./Core/Src/ESP8266_HAL.o
                0x00000000080005f8                Server_Start
 .text.switchAutoState
                0x00000000080006cc       0x38 ./Core/Src/System_FSM.o
                0x00000000080006cc                switchAutoState
 .text.fsm_traffic_auto_mode
                0x0000000008000704      0x338 ./Core/Src/System_FSM.o
                0x0000000008000704                fsm_traffic_auto_mode
 .text.isButtonDebounced
                0x0000000008000a3c       0x3c ./Core/Src/System_FSM.o
                0x0000000008000a3c                isButtonDebounced
 .text.logNewTime
                0x0000000008000a78       0xa0 ./Core/Src/System_FSM.o
                0x0000000008000a78                logNewTime
 .text.display_timerRed
                0x0000000008000b18       0x34 ./Core/Src/System_FSM.o
                0x0000000008000b18                display_timerRed
 .text.display_timerGreen
                0x0000000008000b4c       0x34 ./Core/Src/System_FSM.o
                0x0000000008000b4c                display_timerGreen
 .text.display_timerAmber
                0x0000000008000b80       0x34 ./Core/Src/System_FSM.o
                0x0000000008000b80                display_timerAmber
 .text.fsm_traffic_tunning_mode
                0x0000000008000bb4      0x48c ./Core/Src/System_FSM.o
                0x0000000008000bb4                fsm_traffic_tunning_mode
 .text.fsm_switch_mode
                0x0000000008001040       0xb0 ./Core/Src/System_FSM.o
                0x0000000008001040                fsm_switch_mode
 .text.fsm_traffic
                0x00000000080010f0       0xe4 ./Core/Src/System_FSM.o
                0x00000000080010f0                fsm_traffic
 .text.turnOffAllLED
                0x00000000080011d4       0x28 ./Core/Src/Traffic_Light_FSM.o
                0x00000000080011d4                turnOffAllLED
 .text.turnOnRed1
                0x00000000080011fc       0x18 ./Core/Src/Traffic_Light_FSM.o
                0x00000000080011fc                turnOnRed1
 .text.turnOnAmber1
                0x0000000008001214       0x24 ./Core/Src/Traffic_Light_FSM.o
                0x0000000008001214                turnOnAmber1
 .text.turnOnGreen1
                0x0000000008001238       0x24 ./Core/Src/Traffic_Light_FSM.o
                0x0000000008001238                turnOnGreen1
 .text.turnOnRed2
                0x000000000800125c       0x18 ./Core/Src/Traffic_Light_FSM.o
                0x000000000800125c                turnOnRed2
 .text.turnOnAmber2
                0x0000000008001274       0x24 ./Core/Src/Traffic_Light_FSM.o
                0x0000000008001274                turnOnAmber2
 .text.turnOnGreen2
                0x0000000008001298       0x24 ./Core/Src/Traffic_Light_FSM.o
                0x0000000008001298                turnOnGreen2
 .text.blinkyRed
                0x00000000080012bc       0x3c ./Core/Src/Traffic_Light_FSM.o
                0x00000000080012bc                blinkyRed
 .text.blinkyAmber
                0x00000000080012f8       0x50 ./Core/Src/Traffic_Light_FSM.o
                0x00000000080012f8                blinkyAmber
 .text.blinkyGreen
                0x0000000008001348       0x50 ./Core/Src/Traffic_Light_FSM.o
                0x0000000008001348                blinkyGreen
 .text.clearRoadLed
                0x0000000008001398        0xc ./Core/Src/Traffic_Light_FSM.o
                0x0000000008001398                clearRoadLed
 .text.Ringbuf_init
                0x00000000080013a4       0x8c ./Core/Src/UartRingbuffer.o
                0x00000000080013a4                Ringbuf_init
 .text.Look_for
                0x0000000008001430       0xa4 ./Core/Src/UartRingbuffer.o
                0x0000000008001430                Look_for
 .text.Uart_peek
                0x00000000080014d4       0x8c ./Core/Src/UartRingbuffer.o
                0x00000000080014d4                Uart_peek
 .text.Uart_read
                0x0000000008001560       0xc0 ./Core/Src/UartRingbuffer.o
                0x0000000008001560                Uart_read
 .text.Uart_write
                0x0000000008001620       0xd4 ./Core/Src/UartRingbuffer.o
                0x0000000008001620                Uart_write
 .text.IsDataAvailable
                0x00000000080016f4       0x80 ./Core/Src/UartRingbuffer.o
                0x00000000080016f4                IsDataAvailable
 .text.Get_after
                0x0000000008001774       0x5e ./Core/Src/UartRingbuffer.o
                0x0000000008001774                Get_after
 .text.Uart_sendstring
                0x00000000080017d2       0x2e ./Core/Src/UartRingbuffer.o
                0x00000000080017d2                Uart_sendstring
 .text.receive_uart_command
                0x0000000008001800       0xe4 ./Core/Src/UartRingbuffer.o
                0x0000000008001800                receive_uart_command
 .text.Copy_upto
                0x00000000080018e4      0x108 ./Core/Src/UartRingbuffer.o
                0x00000000080018e4                Copy_upto
 .text.Wait_for
                0x00000000080019ec       0x5c ./Core/Src/UartRingbuffer.o
                0x00000000080019ec                Wait_for
 .text.isButtonShortPressed
                0x0000000008001a48       0x34 ./Core/Src/button.o
                0x0000000008001a48                isButtonShortPressed
 .text.isButtonLongPressed
                0x0000000008001a7c       0x34 ./Core/Src/button.o
                0x0000000008001a7c                isButtonLongPressed
 .text.subKeyProcess
                0x0000000008001ab0       0x40 ./Core/Src/button.o
                0x0000000008001ab0                subKeyProcess
 .text.getKeyInput
                0x0000000008001af0      0x15c ./Core/Src/button.o
                0x0000000008001af0                getKeyInput
 .text.lcd_send_cmd
                0x0000000008001c4c       0x60 ./Core/Src/i2c-lcd.o
                0x0000000008001c4c                lcd_send_cmd
 .text.lcd_send_data
                0x0000000008001cac       0x60 ./Core/Src/i2c-lcd.o
                0x0000000008001cac                lcd_send_data
 .text.lcd_init
                0x0000000008001d0c       0x5c ./Core/Src/i2c-lcd.o
                0x0000000008001d0c                lcd_init
 .text.lcd_send_string
                0x0000000008001d68       0x2a ./Core/Src/i2c-lcd.o
                0x0000000008001d68                lcd_send_string
 .text.lcd_clear_display
                0x0000000008001d92        0xe ./Core/Src/i2c-lcd.o
                0x0000000008001d92                lcd_clear_display
 .text.lcd_goto_XY
                0x0000000008001da0       0x44 ./Core/Src/i2c-lcd.o
                0x0000000008001da0                lcd_goto_XY
 .text.main     0x0000000008001de4       0xa4 ./Core/Src/main.o
                0x0000000008001de4                main
 .text.SystemClock_Config
                0x0000000008001e88       0x82 ./Core/Src/main.o
                0x0000000008001e88                SystemClock_Config
 *fill*         0x0000000008001f0a        0x2 
 .text.MX_I2C1_Init
                0x0000000008001f0c       0x5c ./Core/Src/main.o
 .text.MX_TIM2_Init
                0x0000000008001f68       0x98 ./Core/Src/main.o
 .text.MX_USART2_UART_Init
                0x0000000008002000       0x54 ./Core/Src/main.o
 .text.MX_USART3_UART_Init
                0x0000000008002054       0x54 ./Core/Src/main.o
 .text.MX_GPIO_Init
                0x00000000080020a8      0x140 ./Core/Src/main.o
 .text.HAL_TIM_PeriodElapsedCallback
                0x00000000080021e8       0x22 ./Core/Src/main.o
                0x00000000080021e8                HAL_TIM_PeriodElapsedCallback
 .text.Error_Handler
                0x000000000800220a        0xa ./Core/Src/main.o
                0x000000000800220a                Error_Handler
 .text.SCH_Init
                0x0000000008002214       0x44 ./Core/Src/scheduler.o
                0x0000000008002214                SCH_Init
 .text.heapifyUp
                0x0000000008002258       0x84 ./Core/Src/scheduler.o
                0x0000000008002258                heapifyUp
 .text.heapifyDown
                0x00000000080022dc       0xc6 ./Core/Src/scheduler.o
                0x00000000080022dc                heapifyDown
 *fill*         0x00000000080023a2        0x2 
 .text.SCH_Add_Task
                0x00000000080023a4       0x88 ./Core/Src/scheduler.o
                0x00000000080023a4                SCH_Add_Task
 .text.SCH_Dispatch_Tasks
                0x000000000800242c       0xa4 ./Core/Src/scheduler.o
                0x000000000800242c                SCH_Dispatch_Tasks
 .text.settimer1
                0x00000000080024d0       0x30 ./Core/Src/software_timer.o
                0x00000000080024d0                settimer1
 .text.timerRun
                0x0000000008002500       0x60 ./Core/Src/software_timer.o
                0x0000000008002500                timerRun
 .text.HAL_MspInit
                0x0000000008002560       0x64 ./Core/Src/stm32f1xx_hal_msp.o
                0x0000000008002560                HAL_MspInit
 .text.HAL_I2C_MspInit
                0x00000000080025c4       0xa0 ./Core/Src/stm32f1xx_hal_msp.o
                0x00000000080025c4                HAL_I2C_MspInit
 .text.HAL_TIM_Base_MspInit
                0x0000000008002664       0x48 ./Core/Src/stm32f1xx_hal_msp.o
                0x0000000008002664                HAL_TIM_Base_MspInit
 .text.HAL_UART_MspInit
                0x00000000080026ac      0x12c ./Core/Src/stm32f1xx_hal_msp.o
                0x00000000080026ac                HAL_UART_MspInit
 .text.NMI_Handler
                0x00000000080027d8        0x6 ./Core/Src/stm32f1xx_it.o
                0x00000000080027d8                NMI_Handler
 .text.HardFault_Handler
                0x00000000080027de        0x6 ./Core/Src/stm32f1xx_it.o
                0x00000000080027de                HardFault_Handler
 .text.MemManage_Handler
                0x00000000080027e4        0x6 ./Core/Src/stm32f1xx_it.o
                0x00000000080027e4                MemManage_Handler
 .text.BusFault_Handler
                0x00000000080027ea        0x6 ./Core/Src/stm32f1xx_it.o
                0x00000000080027ea                BusFault_Handler
 .text.UsageFault_Handler
                0x00000000080027f0        0x6 ./Core/Src/stm32f1xx_it.o
                0x00000000080027f0                UsageFault_Handler
 .text.SVC_Handler
                0x00000000080027f6        0xc ./Core/Src/stm32f1xx_it.o
                0x00000000080027f6                SVC_Handler
 .text.DebugMon_Handler
                0x0000000008002802        0xc ./Core/Src/stm32f1xx_it.o
                0x0000000008002802                DebugMon_Handler
 .text.PendSV_Handler
                0x000000000800280e        0xc ./Core/Src/stm32f1xx_it.o
                0x000000000800280e                PendSV_Handler
 .text.SysTick_Handler
                0x000000000800281a        0xc ./Core/Src/stm32f1xx_it.o
                0x000000000800281a                SysTick_Handler
 *fill*         0x0000000008002826        0x2 
 .text.TIM2_IRQHandler
                0x0000000008002828       0x14 ./Core/Src/stm32f1xx_it.o
                0x0000000008002828                TIM2_IRQHandler
 .text.USART3_IRQHandler
                0x000000000800283c       0x14 ./Core/Src/stm32f1xx_it.o
                0x000000000800283c                USART3_IRQHandler
 .text.EXTI15_10_IRQHandler
                0x0000000008002850       0x10 ./Core/Src/stm32f1xx_it.o
                0x0000000008002850                EXTI15_10_IRQHandler
 .text._sbrk    0x0000000008002860       0x6c ./Core/Src/sysmem.o
                0x0000000008002860                _sbrk
 .text.SystemInit
                0x00000000080028cc        0xc ./Core/Src/system_stm32f1xx.o
                0x00000000080028cc                SystemInit
 .text.Reset_Handler
                0x00000000080028d8       0x48 ./Core/Startup/startup_stm32f103rbtx.o
                0x00000000080028d8                Reset_Handler
 .text.Default_Handler
                0x0000000008002920        0x2 ./Core/Startup/startup_stm32f103rbtx.o
                0x0000000008002920                RTC_Alarm_IRQHandler
                0x0000000008002920                EXTI2_IRQHandler
                0x0000000008002920                TIM1_CC_IRQHandler
                0x0000000008002920                PVD_IRQHandler
                0x0000000008002920                EXTI3_IRQHandler
                0x0000000008002920                EXTI0_IRQHandler
                0x0000000008002920                I2C2_EV_IRQHandler
                0x0000000008002920                ADC1_2_IRQHandler
                0x0000000008002920                SPI1_IRQHandler
                0x0000000008002920                TAMPER_IRQHandler
                0x0000000008002920                DMA1_Channel4_IRQHandler
                0x0000000008002920                RTC_IRQHandler
                0x0000000008002920                DMA1_Channel7_IRQHandler
                0x0000000008002920                CAN1_RX1_IRQHandler
                0x0000000008002920                TIM4_IRQHandler
                0x0000000008002920                I2C1_EV_IRQHandler
                0x0000000008002920                DMA1_Channel6_IRQHandler
                0x0000000008002920                TIM3_IRQHandler
                0x0000000008002920                RCC_IRQHandler
                0x0000000008002920                TIM1_TRG_COM_IRQHandler
                0x0000000008002920                DMA1_Channel1_IRQHandler
                0x0000000008002920                Default_Handler
                0x0000000008002920                EXTI9_5_IRQHandler
                0x0000000008002920                SPI2_IRQHandler
                0x0000000008002920                DMA1_Channel5_IRQHandler
                0x0000000008002920                EXTI4_IRQHandler
                0x0000000008002920                USB_LP_CAN1_RX0_IRQHandler
                0x0000000008002920                USB_HP_CAN1_TX_IRQHandler
                0x0000000008002920                DMA1_Channel3_IRQHandler
                0x0000000008002920                TIM1_UP_IRQHandler
                0x0000000008002920                WWDG_IRQHandler
                0x0000000008002920                TIM1_BRK_IRQHandler
                0x0000000008002920                EXTI1_IRQHandler
                0x0000000008002920                USART2_IRQHandler
                0x0000000008002920                I2C2_ER_IRQHandler
                0x0000000008002920                DMA1_Channel2_IRQHandler
                0x0000000008002920                CAN1_SCE_IRQHandler
                0x0000000008002920                FLASH_IRQHandler
                0x0000000008002920                USART1_IRQHandler
                0x0000000008002920                I2C1_ER_IRQHandler
                0x0000000008002920                USBWakeUp_IRQHandler
 *fill*         0x0000000008002922        0x2 
 .text.HAL_Init
                0x0000000008002924       0x2c ./Drivers/STM32F1xx_HAL_Driver/Src/stm32f1xx_hal.o
                0x0000000008002924                HAL_Init
 .text.HAL_InitTick
                0x0000000008002950       0x60 ./Drivers/STM32F1xx_HAL_Driver/Src/stm32f1xx_hal.o
                0x0000000008002950                HAL_InitTick
 .text.HAL_IncTick
                0x00000000080029b0       0x24 ./Drivers/STM32F1xx_HAL_Driver/Src/stm32f1xx_hal.o
                0x00000000080029b0                HAL_IncTick
 .text.HAL_GetTick
                0x00000000080029d4       0x14 ./Drivers/STM32F1xx_HAL_Driver/Src/stm32f1xx_hal.o
                0x00000000080029d4                HAL_GetTick
 .text.HAL_Delay
                0x00000000080029e8       0x48 ./Drivers/STM32F1xx_HAL_Driver/Src/stm32f1xx_hal.o
                0x00000000080029e8                HAL_Delay
 .text.__NVIC_SetPriorityGrouping
                0x0000000008002a30       0x48 ./Drivers/STM32F1xx_HAL_Driver/Src/stm32f1xx_hal_cortex.o
 .text.__NVIC_GetPriorityGrouping
                0x0000000008002a78       0x1c ./Drivers/STM32F1xx_HAL_Driver/Src/stm32f1xx_hal_cortex.o
 .text.__NVIC_EnableIRQ
                0x0000000008002a94       0x38 ./Drivers/STM32F1xx_HAL_Driver/Src/stm32f1xx_hal_cortex.o
 .text.__NVIC_SetPriority
                0x0000000008002acc       0x54 ./Drivers/STM32F1xx_HAL_Driver/Src/stm32f1xx_hal_cortex.o
 .text.NVIC_EncodePriority
                0x0000000008002b20       0x64 ./Drivers/STM32F1xx_HAL_Driver/Src/stm32f1xx_hal_cortex.o
 .text.SysTick_Config
                0x0000000008002b84       0x44 ./Drivers/STM32F1xx_HAL_Driver/Src/stm32f1xx_hal_cortex.o
 .text.HAL_NVIC_SetPriorityGrouping
                0x0000000008002bc8       0x16 ./Drivers/STM32F1xx_HAL_Driver/Src/stm32f1xx_hal_cortex.o
                0x0000000008002bc8                HAL_NVIC_SetPriorityGrouping
 .text.HAL_NVIC_SetPriority
                0x0000000008002bde       0x38 ./Drivers/STM32F1xx_HAL_Driver/Src/stm32f1xx_hal_cortex.o
                0x0000000008002bde                HAL_NVIC_SetPriority
 .text.HAL_NVIC_EnableIRQ
                0x0000000008002c16       0x1c ./Drivers/STM32F1xx_HAL_Driver/Src/stm32f1xx_hal_cortex.o
                0x0000000008002c16                HAL_NVIC_EnableIRQ
 .text.HAL_SYSTICK_Config
                0x0000000008002c32       0x18 ./Drivers/STM32F1xx_HAL_Driver/Src/stm32f1xx_hal_cortex.o
                0x0000000008002c32                HAL_SYSTICK_Config
 .text.HAL_DMA_Abort
                0x0000000008002c4a       0x76 ./Drivers/STM32F1xx_HAL_Driver/Src/stm32f1xx_hal_dma.o
                0x0000000008002c4a                HAL_DMA_Abort
 .text.HAL_DMA_Abort_IT
                0x0000000008002cc0       0xf0 ./Drivers/STM32F1xx_HAL_Driver/Src/stm32f1xx_hal_dma.o
                0x0000000008002cc0                HAL_DMA_Abort_IT
 .text.HAL_GPIO_Init
                0x0000000008002db0      0x308 ./Drivers/STM32F1xx_HAL_Driver/Src/stm32f1xx_hal_gpio.o
                0x0000000008002db0                HAL_GPIO_Init
 .text.HAL_GPIO_ReadPin
                0x00000000080030b8       0x2e ./Drivers/STM32F1xx_HAL_Driver/Src/stm32f1xx_hal_gpio.o
                0x00000000080030b8                HAL_GPIO_ReadPin
 .text.HAL_GPIO_WritePin
                0x00000000080030e6       0x30 ./Drivers/STM32F1xx_HAL_Driver/Src/stm32f1xx_hal_gpio.o
                0x00000000080030e6                HAL_GPIO_WritePin
 .text.HAL_GPIO_TogglePin
                0x0000000008003116       0x32 ./Drivers/STM32F1xx_HAL_Driver/Src/stm32f1xx_hal_gpio.o
                0x0000000008003116                HAL_GPIO_TogglePin
 .text.HAL_GPIO_EXTI_IRQHandler
                0x0000000008003148       0x30 ./Drivers/STM32F1xx_HAL_Driver/Src/stm32f1xx_hal_gpio.o
                0x0000000008003148                HAL_GPIO_EXTI_IRQHandler
 .text.HAL_GPIO_EXTI_Callback
                0x0000000008003178       0x14 ./Drivers/STM32F1xx_HAL_Driver/Src/stm32f1xx_hal_gpio.o
                0x0000000008003178                HAL_GPIO_EXTI_Callback
 .text.HAL_I2C_Init
                0x000000000800318c      0x288 ./Drivers/STM32F1xx_HAL_Driver/Src/stm32f1xx_hal_i2c.o
                0x000000000800318c                HAL_I2C_Init
 .text.HAL_I2C_Master_Transmit
                0x0000000008003414      0x1fc ./Drivers/STM32F1xx_HAL_Driver/Src/stm32f1xx_hal_i2c.o
                0x0000000008003414                HAL_I2C_Master_Transmit
 .text.I2C_MasterRequestWrite
                0x0000000008003610      0x104 ./Drivers/STM32F1xx_HAL_Driver/Src/stm32f1xx_hal_i2c.o
 .text.I2C_WaitOnFlagUntilTimeout
                0x0000000008003714       0xf4 ./Drivers/STM32F1xx_HAL_Driver/Src/stm32f1xx_hal_i2c.o
 .text.I2C_WaitOnMasterAddressFlagUntilTimeout
                0x0000000008003808      0x140 ./Drivers/STM32F1xx_HAL_Driver/Src/stm32f1xx_hal_i2c.o
 .text.I2C_WaitOnTXEFlagUntilTimeout
                0x0000000008003948       0x90 ./Drivers/STM32F1xx_HAL_Driver/Src/stm32f1xx_hal_i2c.o
 .text.I2C_WaitOnBTFFlagUntilTimeout
                0x00000000080039d8       0x90 ./Drivers/STM32F1xx_HAL_Driver/Src/stm32f1xx_hal_i2c.o
 .text.I2C_IsAcknowledgeFailed
                0x0000000008003a68       0x5c ./Drivers/STM32F1xx_HAL_Driver/Src/stm32f1xx_hal_i2c.o
 .text.HAL_RCC_OscConfig
                0x0000000008003ac4      0x500 ./Drivers/STM32F1xx_HAL_Driver/Src/stm32f1xx_hal_rcc.o
                0x0000000008003ac4                HAL_RCC_OscConfig
 .text.HAL_RCC_ClockConfig
                0x0000000008003fc4      0x1d4 ./Drivers/STM32F1xx_HAL_Driver/Src/stm32f1xx_hal_rcc.o
                0x0000000008003fc4                HAL_RCC_ClockConfig
 .text.HAL_RCC_GetSysClockFreq
                0x0000000008004198       0xa8 ./Drivers/STM32F1xx_HAL_Driver/Src/stm32f1xx_hal_rcc.o
                0x0000000008004198                HAL_RCC_GetSysClockFreq
 .text.HAL_RCC_GetHCLKFreq
                0x0000000008004240       0x14 ./Drivers/STM32F1xx_HAL_Driver/Src/stm32f1xx_hal_rcc.o
                0x0000000008004240                HAL_RCC_GetHCLKFreq
 .text.HAL_RCC_GetPCLK1Freq
                0x0000000008004254       0x28 ./Drivers/STM32F1xx_HAL_Driver/Src/stm32f1xx_hal_rcc.o
                0x0000000008004254                HAL_RCC_GetPCLK1Freq
 .text.HAL_RCC_GetPCLK2Freq
                0x000000000800427c       0x28 ./Drivers/STM32F1xx_HAL_Driver/Src/stm32f1xx_hal_rcc.o
                0x000000000800427c                HAL_RCC_GetPCLK2Freq
 .text.RCC_Delay
                0x00000000080042a4       0x3c ./Drivers/STM32F1xx_HAL_Driver/Src/stm32f1xx_hal_rcc.o
 .text.HAL_TIM_Base_Init
                0x00000000080042e0       0x9e ./Drivers/STM32F1xx_HAL_Driver/Src/stm32f1xx_hal_tim.o
                0x00000000080042e0                HAL_TIM_Base_Init
 *fill*         0x000000000800437e        0x2 
 .text.HAL_TIM_Base_Start_IT
                0x0000000008004380       0xa4 ./Drivers/STM32F1xx_HAL_Driver/Src/stm32f1xx_hal_tim.o
                0x0000000008004380                HAL_TIM_Base_Start_IT
 .text.HAL_TIM_IRQHandler
                0x0000000008004424      0x1e0 ./Drivers/STM32F1xx_HAL_Driver/Src/stm32f1xx_hal_tim.o
                0x0000000008004424                HAL_TIM_IRQHandler
 .text.HAL_TIM_ConfigClockSource
                0x0000000008004604      0x18e ./Drivers/STM32F1xx_HAL_Driver/Src/stm32f1xx_hal_tim.o
                0x0000000008004604                HAL_TIM_ConfigClockSource
 .text.HAL_TIM_OC_DelayElapsedCallback
                0x0000000008004792       0x12 ./Drivers/STM32F1xx_HAL_Driver/Src/stm32f1xx_hal_tim.o
                0x0000000008004792                HAL_TIM_OC_DelayElapsedCallback
 .text.HAL_TIM_IC_CaptureCallback
                0x00000000080047a4       0x12 ./Drivers/STM32F1xx_HAL_Driver/Src/stm32f1xx_hal_tim.o
                0x00000000080047a4                HAL_TIM_IC_CaptureCallback
 .text.HAL_TIM_PWM_PulseFinishedCallback
                0x00000000080047b6       0x12 ./Drivers/STM32F1xx_HAL_Driver/Src/stm32f1xx_hal_tim.o
                0x00000000080047b6                HAL_TIM_PWM_PulseFinishedCallback
 .text.HAL_TIM_TriggerCallback
                0x00000000080047c8       0x12 ./Drivers/STM32F1xx_HAL_Driver/Src/stm32f1xx_hal_tim.o
                0x00000000080047c8                HAL_TIM_TriggerCallback
 *fill*         0x00000000080047da        0x2 
 .text.TIM_Base_SetConfig
                0x00000000080047dc       0xdc ./Drivers/STM32F1xx_HAL_Driver/Src/stm32f1xx_hal_tim.o
                0x00000000080047dc                TIM_Base_SetConfig
 .text.TIM_TI1_ConfigInputStage
                0x00000000080048b8       0x5c ./Drivers/STM32F1xx_HAL_Driver/Src/stm32f1xx_hal_tim.o
 .text.TIM_TI2_ConfigInputStage
                0x0000000008004914       0x5e ./Drivers/STM32F1xx_HAL_Driver/Src/stm32f1xx_hal_tim.o
 .text.TIM_ITRx_SetConfig
                0x0000000008004972       0x34 ./Drivers/STM32F1xx_HAL_Driver/Src/stm32f1xx_hal_tim.o
 .text.TIM_ETR_SetConfig
                0x00000000080049a6       0x3e ./Drivers/STM32F1xx_HAL_Driver/Src/stm32f1xx_hal_tim.o
                0x00000000080049a6                TIM_ETR_SetConfig
 .text.HAL_TIMEx_MasterConfigSynchronization
                0x00000000080049e4       0xbc ./Drivers/STM32F1xx_HAL_Driver/Src/stm32f1xx_hal_tim_ex.o
                0x00000000080049e4                HAL_TIMEx_MasterConfigSynchronization
 .text.HAL_TIMEx_CommutCallback
                0x0000000008004aa0       0x12 ./Drivers/STM32F1xx_HAL_Driver/Src/stm32f1xx_hal_tim_ex.o
                0x0000000008004aa0                HAL_TIMEx_CommutCallback
 .text.HAL_TIMEx_BreakCallback
                0x0000000008004ab2       0x12 ./Drivers/STM32F1xx_HAL_Driver/Src/stm32f1xx_hal_tim_ex.o
                0x0000000008004ab2                HAL_TIMEx_BreakCallback
 .text.HAL_UART_Init
                0x0000000008004ac4       0xa0 ./Drivers/STM32F1xx_HAL_Driver/Src/stm32f1xx_hal_uart.o
                0x0000000008004ac4                HAL_UART_Init
 .text.HAL_UART_Transmit
                0x0000000008004b64      0x116 ./Drivers/STM32F1xx_HAL_Driver/Src/stm32f1xx_hal_uart.o
                0x0000000008004b64                HAL_UART_Transmit
 .text.HAL_UART_Receive
                0x0000000008004c7a      0x12e ./Drivers/STM32F1xx_HAL_Driver/Src/stm32f1xx_hal_uart.o
                0x0000000008004c7a                HAL_UART_Receive
 .text.HAL_UART_IRQHandler
                0x0000000008004da8      0x524 ./Drivers/STM32F1xx_HAL_Driver/Src/stm32f1xx_hal_uart.o
                0x0000000008004da8                HAL_UART_IRQHandler
 .text.HAL_UART_TxCpltCallback
                0x00000000080052cc       0x12 ./Drivers/STM32F1xx_HAL_Driver/Src/stm32f1xx_hal_uart.o
                0x00000000080052cc                HAL_UART_TxCpltCallback
 .text.HAL_UART_RxCpltCallback
                0x00000000080052de       0x12 ./Drivers/STM32F1xx_HAL_Driver/Src/stm32f1xx_hal_uart.o
                0x00000000080052de                HAL_UART_RxCpltCallback
 .text.HAL_UART_ErrorCallback
                0x00000000080052f0       0x12 ./Drivers/STM32F1xx_HAL_Driver/Src/stm32f1xx_hal_uart.o
                0x00000000080052f0                HAL_UART_ErrorCallback
 .text.HAL_UARTEx_RxEventCallback
                0x0000000008005302       0x16 ./Drivers/STM32F1xx_HAL_Driver/Src/stm32f1xx_hal_uart.o
                0x0000000008005302                HAL_UARTEx_RxEventCallback
 .text.UART_WaitOnFlagUntilTimeout
                0x0000000008005318       0xb2 ./Drivers/STM32F1xx_HAL_Driver/Src/stm32f1xx_hal_uart.o
 .text.UART_EndRxTransfer
                0x00000000080053ca       0xc4 ./Drivers/STM32F1xx_HAL_Driver/Src/stm32f1xx_hal_uart.o
 .text.UART_DMAAbortOnError
                0x000000000800548e       0x28 ./Drivers/STM32F1xx_HAL_Driver/Src/stm32f1xx_hal_uart.o
 .text.UART_Transmit_IT
                0x00000000080054b6       0x9e ./Drivers/STM32F1xx_HAL_Driver/Src/stm32f1xx_hal_uart.o
 .text.UART_EndTransmit_IT
                0x0000000008005554       0x30 ./Drivers/STM32F1xx_HAL_Driver/Src/stm32f1xx_hal_uart.o
 .text.UART_Receive_IT
                0x0000000008005584      0x17c ./Drivers/STM32F1xx_HAL_Driver/Src/stm32f1xx_hal_uart.o
 .text.UART_SetConfig
                0x0000000008005700      0x11c ./Drivers/STM32F1xx_HAL_Driver/Src/stm32f1xx_hal_uart.o
 .text.__errno  0x000000000800581c        0xc c:/st/stm32cubeide_1.7.0/stm32cubeide/plugins/com.st.stm32cube.ide.mcu.externaltools.gnu-tools-for-stm32.9-2020-q2-update.win32_2.0.0.202105311346/tools/bin/../lib/gcc/arm-none-eabi/9.3.1/../../../../arm-none-eabi/lib/thumb/v7-m/nofp\libc_nano.a(lib_a-errno.o)
                0x000000000800581c                __errno
 .text.__libc_init_array
                0x0000000008005828       0x48 c:/st/stm32cubeide_1.7.0/stm32cubeide/plugins/com.st.stm32cube.ide.mcu.externaltools.gnu-tools-for-stm32.9-2020-q2-update.win32_2.0.0.202105311346/tools/bin/../lib/gcc/arm-none-eabi/9.3.1/../../../../arm-none-eabi/lib/thumb/v7-m/nofp\libc_nano.a(lib_a-init.o)
                0x0000000008005828                __libc_init_array
 .text.malloc   0x0000000008005870       0x10 c:/st/stm32cubeide_1.7.0/stm32cubeide/plugins/com.st.stm32cube.ide.mcu.externaltools.gnu-tools-for-stm32.9-2020-q2-update.win32_2.0.0.202105311346/tools/bin/../lib/gcc/arm-none-eabi/9.3.1/../../../../arm-none-eabi/lib/thumb/v7-m/nofp\libc_nano.a(lib_a-malloc.o)
                0x0000000008005870                malloc
 .text.free     0x0000000008005880       0x10 c:/st/stm32cubeide_1.7.0/stm32cubeide/plugins/com.st.stm32cube.ide.mcu.externaltools.gnu-tools-for-stm32.9-2020-q2-update.win32_2.0.0.202105311346/tools/bin/../lib/gcc/arm-none-eabi/9.3.1/../../../../arm-none-eabi/lib/thumb/v7-m/nofp\libc_nano.a(lib_a-malloc.o)
                0x0000000008005880                free
 .text.memset   0x0000000008005890       0x10 c:/st/stm32cubeide_1.7.0/stm32cubeide/plugins/com.st.stm32cube.ide.mcu.externaltools.gnu-tools-for-stm32.9-2020-q2-update.win32_2.0.0.202105311346/tools/bin/../lib/gcc/arm-none-eabi/9.3.1/../../../../arm-none-eabi/lib/thumb/v7-m/nofp\libc_nano.a(lib_a-memset.o)
                0x0000000008005890                memset
 .text._free_r  0x00000000080058a0       0x98 c:/st/stm32cubeide_1.7.0/stm32cubeide/plugins/com.st.stm32cube.ide.mcu.externaltools.gnu-tools-for-stm32.9-2020-q2-update.win32_2.0.0.202105311346/tools/bin/../lib/gcc/arm-none-eabi/9.3.1/../../../../arm-none-eabi/lib/thumb/v7-m/nofp\libc_nano.a(lib_a-nano-freer.o)
                0x00000000080058a0                _free_r
 .text._malloc_r
                0x0000000008005938       0xb4 c:/st/stm32cubeide_1.7.0/stm32cubeide/plugins/com.st.stm32cube.ide.mcu.externaltools.gnu-tools-for-stm32.9-2020-q2-update.win32_2.0.0.202105311346/tools/bin/../lib/gcc/arm-none-eabi/9.3.1/../../../../arm-none-eabi/lib/thumb/v7-m/nofp\libc_nano.a(lib_a-nano-mallocr.o)
                0x0000000008005938                _malloc_r
 .text._sbrk_r  0x00000000080059ec       0x20 c:/st/stm32cubeide_1.7.0/stm32cubeide/plugins/com.st.stm32cube.ide.mcu.externaltools.gnu-tools-for-stm32.9-2020-q2-update.win32_2.0.0.202105311346/tools/bin/../lib/gcc/arm-none-eabi/9.3.1/../../../../arm-none-eabi/lib/thumb/v7-m/nofp\libc_nano.a(lib_a-sbrkr.o)
                0x00000000080059ec                _sbrk_r
 .text.snprintf
                0x0000000008005a0c       0x68 c:/st/stm32cubeide_1.7.0/stm32cubeide/plugins/com.st.stm32cube.ide.mcu.externaltools.gnu-tools-for-stm32.9-2020-q2-update.win32_2.0.0.202105311346/tools/bin/../lib/gcc/arm-none-eabi/9.3.1/../../../../arm-none-eabi/lib/thumb/v7-m/nofp\libc_nano.a(lib_a-snprintf.o)
                0x0000000008005a0c                sniprintf
                0x0000000008005a0c                snprintf
 .text.sprintf  0x0000000008005a74       0x40 c:/st/stm32cubeide_1.7.0/stm32cubeide/plugins/com.st.stm32cube.ide.mcu.externaltools.gnu-tools-for-stm32.9-2020-q2-update.win32_2.0.0.202105311346/tools/bin/../lib/gcc/arm-none-eabi/9.3.1/../../../../arm-none-eabi/lib/thumb/v7-m/nofp\libc_nano.a(lib_a-sprintf.o)
                0x0000000008005a74                siprintf
                0x0000000008005a74                sprintf
 .text.strcat   0x0000000008005ab4       0x1e c:/st/stm32cubeide_1.7.0/stm32cubeide/plugins/com.st.stm32cube.ide.mcu.externaltools.gnu-tools-for-stm32.9-2020-q2-update.win32_2.0.0.202105311346/tools/bin/../lib/gcc/arm-none-eabi/9.3.1/../../../../arm-none-eabi/lib/thumb/v7-m/nofp\libc_nano.a(lib_a-strcat.o)
                0x0000000008005ab4                strcat
 .text.strstr   0x0000000008005ad2       0x2e c:/st/stm32cubeide_1.7.0/stm32cubeide/plugins/com.st.stm32cube.ide.mcu.externaltools.gnu-tools-for-stm32.9-2020-q2-update.win32_2.0.0.202105311346/tools/bin/../lib/gcc/arm-none-eabi/9.3.1/../../../../arm-none-eabi/lib/thumb/v7-m/nofp\libc_nano.a(lib_a-strstr.o)
                0x0000000008005ad2                strstr
 .text.__malloc_lock
                0x0000000008005b00        0xc c:/st/stm32cubeide_1.7.0/stm32cubeide/plugins/com.st.stm32cube.ide.mcu.externaltools.gnu-tools-for-stm32.9-2020-q2-update.win32_2.0.0.202105311346/tools/bin/../lib/gcc/arm-none-eabi/9.3.1/../../../../arm-none-eabi/lib/thumb/v7-m/nofp\libc_nano.a(lib_a-mlock.o)
                0x0000000008005b00                __malloc_lock
 .text.__malloc_unlock
                0x0000000008005b0c        0xc c:/st/stm32cubeide_1.7.0/stm32cubeide/plugins/com.st.stm32cube.ide.mcu.externaltools.gnu-tools-for-stm32.9-2020-q2-update.win32_2.0.0.202105311346/tools/bin/../lib/gcc/arm-none-eabi/9.3.1/../../../../arm-none-eabi/lib/thumb/v7-m/nofp\libc_nano.a(lib_a-mlock.o)
                0x0000000008005b0c                __malloc_unlock
 .text.__ssputs_r
                0x0000000008005b18       0xb6 c:/st/stm32cubeide_1.7.0/stm32cubeide/plugins/com.st.stm32cube.ide.mcu.externaltools.gnu-tools-for-stm32.9-2020-q2-update.win32_2.0.0.202105311346/tools/bin/../lib/gcc/arm-none-eabi/9.3.1/../../../../arm-none-eabi/lib/thumb/v7-m/nofp\libc_nano.a(lib_a-nano-svfprintf.o)
                0x0000000008005b18                __ssputs_r
 *fill*         0x0000000008005bce        0x2 
 .text._svfprintf_r
                0x0000000008005bd0      0x200 c:/st/stm32cubeide_1.7.0/stm32cubeide/plugins/com.st.stm32cube.ide.mcu.externaltools.gnu-tools-for-stm32.9-2020-q2-update.win32_2.0.0.202105311346/tools/bin/../lib/gcc/arm-none-eabi/9.3.1/../../../../arm-none-eabi/lib/thumb/v7-m/nofp\libc_nano.a(lib_a-nano-svfprintf.o)
                0x0000000008005bd0                _svfiprintf_r
                0x0000000008005bd0                _svfprintf_r
 .text._printf_common
                0x0000000008005dd0       0xde c:/st/stm32cubeide_1.7.0/stm32cubeide/plugins/com.st.stm32cube.ide.mcu.externaltools.gnu-tools-for-stm32.9-2020-q2-update.win32_2.0.0.202105311346/tools/bin/../lib/gcc/arm-none-eabi/9.3.1/../../../../arm-none-eabi/lib/thumb/v7-m/nofp\libc_nano.a(lib_a-nano-vfprintf_i.o)
                0x0000000008005dd0                _printf_common
 *fill*         0x0000000008005eae        0x2 
 .text._printf_i
                0x0000000008005eb0      0x24c c:/st/stm32cubeide_1.7.0/stm32cubeide/plugins/com.st.stm32cube.ide.mcu.externaltools.gnu-tools-for-stm32.9-2020-q2-update.win32_2.0.0.202105311346/tools/bin/../lib/gcc/arm-none-eabi/9.3.1/../../../../arm-none-eabi/lib/thumb/v7-m/nofp\libc_nano.a(lib_a-nano-vfprintf_i.o)
                0x0000000008005eb0                _printf_i
 .text.__retarget_lock_acquire_recursive
                0x00000000080060fc        0x2 c:/st/stm32cubeide_1.7.0/stm32cubeide/plugins/com.st.stm32cube.ide.mcu.externaltools.gnu-tools-for-stm32.9-2020-q2-update.win32_2.0.0.202105311346/tools/bin/../lib/gcc/arm-none-eabi/9.3.1/../../../../arm-none-eabi/lib/thumb/v7-m/nofp\libc_nano.a(lib_a-lock.o)
                0x00000000080060fc                __retarget_lock_acquire_recursive
 .text.__retarget_lock_release_recursive
                0x00000000080060fe        0x2 c:/st/stm32cubeide_1.7.0/stm32cubeide/plugins/com.st.stm32cube.ide.mcu.externaltools.gnu-tools-for-stm32.9-2020-q2-update.win32_2.0.0.202105311346/tools/bin/../lib/gcc/arm-none-eabi/9.3.1/../../../../arm-none-eabi/lib/thumb/v7-m/nofp\libc_nano.a(lib_a-lock.o)
                0x00000000080060fe                __retarget_lock_release_recursive
 .text.memchr   0x0000000008006100       0x1c c:/st/stm32cubeide_1.7.0/stm32cubeide/plugins/com.st.stm32cube.ide.mcu.externaltools.gnu-tools-for-stm32.9-2020-q2-update.win32_2.0.0.202105311346/tools/bin/../lib/gcc/arm-none-eabi/9.3.1/../../../../arm-none-eabi/lib/thumb/v7-m/nofp\libc_nano.a(lib_a-memchr-stub.o)
                0x0000000008006100                memchr
 .text.memcpy   0x000000000800611c       0x1c c:/st/stm32cubeide_1.7.0/stm32cubeide/plugins/com.st.stm32cube.ide.mcu.externaltools.gnu-tools-for-stm32.9-2020-q2-update.win32_2.0.0.202105311346/tools/bin/../lib/gcc/arm-none-eabi/9.3.1/../../../../arm-none-eabi/lib/thumb/v7-m/nofp\libc_nano.a(lib_a-memcpy-stub.o)
                0x000000000800611c                memcpy
 .text.memmove  0x0000000008006138       0x34 c:/st/stm32cubeide_1.7.0/stm32cubeide/plugins/com.st.stm32cube.ide.mcu.externaltools.gnu-tools-for-stm32.9-2020-q2-update.win32_2.0.0.202105311346/tools/bin/../lib/gcc/arm-none-eabi/9.3.1/../../../../arm-none-eabi/lib/thumb/v7-m/nofp\libc_nano.a(lib_a-memmove.o)
                0x0000000008006138                memmove
 .text._realloc_r
                0x000000000800616c       0x4c c:/st/stm32cubeide_1.7.0/stm32cubeide/plugins/com.st.stm32cube.ide.mcu.externaltools.gnu-tools-for-stm32.9-2020-q2-update.win32_2.0.0.202105311346/tools/bin/../lib/gcc/arm-none-eabi/9.3.1/../../../../arm-none-eabi/lib/thumb/v7-m/nofp\libc_nano.a(lib_a-nano-reallocr.o)
                0x000000000800616c                _realloc_r
 .text._malloc_usable_size_r
                0x00000000080061b8       0x10 c:/st/stm32cubeide_1.7.0/stm32cubeide/plugins/com.st.stm32cube.ide.mcu.externaltools.gnu-tools-for-stm32.9-2020-q2-update.win32_2.0.0.202105311346/tools/bin/../lib/gcc/arm-none-eabi/9.3.1/../../../../arm-none-eabi/lib/thumb/v7-m/nofp\libc_nano.a(lib_a-nano-msizer.o)
                0x00000000080061b8                _malloc_usable_size_r
 *(.glue_7)
 .glue_7        0x00000000080061c8        0x0 linker stubs
 *(.glue_7t)
 .glue_7t       0x00000000080061c8        0x0 linker stubs
 *(.eh_frame)
 .eh_frame      0x00000000080061c8        0x0 c:/st/stm32cubeide_1.7.0/stm32cubeide/plugins/com.st.stm32cube.ide.mcu.externaltools.gnu-tools-for-stm32.9-2020-q2-update.win32_2.0.0.202105311346/tools/bin/../lib/gcc/arm-none-eabi/9.3.1/thumb/v7-m/nofp/crtbegin.o
 *(.init)
 .init          0x00000000080061c8        0x4 c:/st/stm32cubeide_1.7.0/stm32cubeide/plugins/com.st.stm32cube.ide.mcu.externaltools.gnu-tools-for-stm32.9-2020-q2-update.win32_2.0.0.202105311346/tools/bin/../lib/gcc/arm-none-eabi/9.3.1/thumb/v7-m/nofp/crti.o
                0x00000000080061c8                _init
 .init          0x00000000080061cc        0x8 c:/st/stm32cubeide_1.7.0/stm32cubeide/plugins/com.st.stm32cube.ide.mcu.externaltools.gnu-tools-for-stm32.9-2020-q2-update.win32_2.0.0.202105311346/tools/bin/../lib/gcc/arm-none-eabi/9.3.1/thumb/v7-m/nofp/crtn.o
 *(.fini)
 .fini          0x00000000080061d4        0x4 c:/st/stm32cubeide_1.7.0/stm32cubeide/plugins/com.st.stm32cube.ide.mcu.externaltools.gnu-tools-for-stm32.9-2020-q2-update.win32_2.0.0.202105311346/tools/bin/../lib/gcc/arm-none-eabi/9.3.1/thumb/v7-m/nofp/crti.o
                0x00000000080061d4                _fini
 .fini          0x00000000080061d8        0x8 c:/st/stm32cubeide_1.7.0/stm32cubeide/plugins/com.st.stm32cube.ide.mcu.externaltools.gnu-tools-for-stm32.9-2020-q2-update.win32_2.0.0.202105311346/tools/bin/../lib/gcc/arm-none-eabi/9.3.1/thumb/v7-m/nofp/crtn.o
                0x00000000080061e0                . = ALIGN (0x4)
                0x00000000080061e0                _etext = .

.vfp11_veneer   0x00000000080061e0        0x0
 .vfp11_veneer  0x00000000080061e0        0x0 linker stubs

.v4_bx          0x00000000080061e0        0x0
 .v4_bx         0x00000000080061e0        0x0 linker stubs

.iplt           0x00000000080061e0        0x0
 .iplt          0x00000000080061e0        0x0 c:/st/stm32cubeide_1.7.0/stm32cubeide/plugins/com.st.stm32cube.ide.mcu.externaltools.gnu-tools-for-stm32.9-2020-q2-update.win32_2.0.0.202105311346/tools/bin/../lib/gcc/arm-none-eabi/9.3.1/thumb/v7-m/nofp/crtbegin.o

.rodata         0x00000000080061e0      0x874
                0x00000000080061e0                . = ALIGN (0x4)
 *(.rodata)
 .rodata        0x00000000080061e0      0x67b ./Core/Src/ESP8266_HAL.o
 *fill*         0x000000000800685b        0x1 
 .rodata        0x000000000800685c       0xe6 ./Core/Src/System_FSM.o
 *fill*         0x0000000008006942        0x2 
 .rodata        0x0000000008006944       0x97 ./Core/Src/UartRingbuffer.o
 *fill*         0x00000000080069db        0x1 
 .rodata        0x00000000080069dc       0x16 ./Core/Src/main.o
 *(.rodata*)
 *fill*         0x00000000080069f2        0x2 
 .rodata.AHBPrescTable
                0x00000000080069f4       0x10 ./Core/Src/system_stm32f1xx.o
                0x00000000080069f4                AHBPrescTable
 .rodata.APBPrescTable
                0x0000000008006a04        0x8 ./Core/Src/system_stm32f1xx.o
                0x0000000008006a04                APBPrescTable
 .rodata.aPLLMULFactorTable.6442
                0x0000000008006a0c       0x10 ./Drivers/STM32F1xx_HAL_Driver/Src/stm32f1xx_hal_rcc.o
 .rodata.aPredivFactorTable.6443
                0x0000000008006a1c        0x2 ./Drivers/STM32F1xx_HAL_Driver/Src/stm32f1xx_hal_rcc.o
 .rodata._svfprintf_r.str1.1
                0x0000000008006a1e       0x11 c:/st/stm32cubeide_1.7.0/stm32cubeide/plugins/com.st.stm32cube.ide.mcu.externaltools.gnu-tools-for-stm32.9-2020-q2-update.win32_2.0.0.202105311346/tools/bin/../lib/gcc/arm-none-eabi/9.3.1/../../../../arm-none-eabi/lib/thumb/v7-m/nofp\libc_nano.a(lib_a-nano-svfprintf.o)
 .rodata._printf_i.str1.1
                0x0000000008006a2f       0x22 c:/st/stm32cubeide_1.7.0/stm32cubeide/plugins/com.st.stm32cube.ide.mcu.externaltools.gnu-tools-for-stm32.9-2020-q2-update.win32_2.0.0.202105311346/tools/bin/../lib/gcc/arm-none-eabi/9.3.1/../../../../arm-none-eabi/lib/thumb/v7-m/nofp\libc_nano.a(lib_a-nano-vfprintf_i.o)
                0x0000000008006a54                . = ALIGN (0x4)
 *fill*         0x0000000008006a51        0x3 

.rel.dyn        0x0000000008006a54        0x0
 .rel.iplt      0x0000000008006a54        0x0 c:/st/stm32cubeide_1.7.0/stm32cubeide/plugins/com.st.stm32cube.ide.mcu.externaltools.gnu-tools-for-stm32.9-2020-q2-update.win32_2.0.0.202105311346/tools/bin/../lib/gcc/arm-none-eabi/9.3.1/thumb/v7-m/nofp/crtbegin.o

.ARM.extab      0x0000000008006a54        0x0
                0x0000000008006a54                . = ALIGN (0x4)
 *(.ARM.extab* .gnu.linkonce.armextab.*)
                0x0000000008006a54                . = ALIGN (0x4)

.ARM            0x0000000008006a54        0x0
                0x0000000008006a54                . = ALIGN (0x4)
                0x0000000008006a54                __exidx_start = .
 *(.ARM.exidx*)
                0x0000000008006a54                __exidx_end = .
                0x0000000008006a54                . = ALIGN (0x4)

.preinit_array  0x0000000008006a54        0x0
                0x0000000008006a54                . = ALIGN (0x4)
                0x0000000008006a54                PROVIDE (__preinit_array_start = .)
 *(.preinit_array*)
                0x0000000008006a54                PROVIDE (__preinit_array_end = .)
                0x0000000008006a54                . = ALIGN (0x4)

.init_array     0x0000000008006a54        0x4
                0x0000000008006a54                . = ALIGN (0x4)
                0x0000000008006a54                PROVIDE (__init_array_start = .)
 *(SORT_BY_NAME(.init_array.*))
 *(.init_array*)
 .init_array    0x0000000008006a54        0x4 c:/st/stm32cubeide_1.7.0/stm32cubeide/plugins/com.st.stm32cube.ide.mcu.externaltools.gnu-tools-for-stm32.9-2020-q2-update.win32_2.0.0.202105311346/tools/bin/../lib/gcc/arm-none-eabi/9.3.1/thumb/v7-m/nofp/crtbegin.o
                0x0000000008006a58                PROVIDE (__init_array_end = .)
                0x0000000008006a58                . = ALIGN (0x4)

.fini_array     0x0000000008006a58        0x4
                0x0000000008006a58                . = ALIGN (0x4)
                [!provide]                        PROVIDE (__fini_array_start = .)
 *(SORT_BY_NAME(.fini_array.*))
 *(.fini_array*)
 .fini_array    0x0000000008006a58        0x4 c:/st/stm32cubeide_1.7.0/stm32cubeide/plugins/com.st.stm32cube.ide.mcu.externaltools.gnu-tools-for-stm32.9-2020-q2-update.win32_2.0.0.202105311346/tools/bin/../lib/gcc/arm-none-eabi/9.3.1/thumb/v7-m/nofp/crtbegin.o
                [!provide]                        PROVIDE (__fini_array_end = .)
                0x0000000008006a5c                . = ALIGN (0x4)
                0x0000000008006a5c                _sidata = LOADADDR (.data)

.data           0x0000000020000000       0xe0 load address 0x0000000008006a5c
                0x0000000020000000                . = ALIGN (0x4)
                0x0000000020000000                _sdata = .
 *(.data)
 *(.data*)
 .data.Basic_inclusion
                0x0000000020000000        0x4 ./Core/Src/ESP8266_HAL.o
                0x0000000020000000                Basic_inclusion
 .data.Button1  0x0000000020000004        0x4 ./Core/Src/ESP8266_HAL.o
                0x0000000020000004                Button1
 .data.Button2  0x0000000020000008        0x4 ./Core/Src/ESP8266_HAL.o
                0x0000000020000008                Button2
 .data.Button3  0x000000002000000c        0x4 ./Core/Src/ESP8266_HAL.o
                0x000000002000000c                Button3
 .data.Terminate
                0x0000000020000010        0x4 ./Core/Src/ESP8266_HAL.o
                0x0000000020000010                Terminate
 .data.initialTimeRed
                0x0000000020000014        0x4 ./Core/Src/System_FSM.o
                0x0000000020000014                initialTimeRed
 .data.initialTimeAmber
                0x0000000020000018        0x4 ./Core/Src/System_FSM.o
                0x0000000020000018                initialTimeAmber
 .data.initialTimeGreen
                0x000000002000001c        0x4 ./Core/Src/System_FSM.o
                0x000000002000001c                initialTimeGreen
 .data.KeyReg0  0x0000000020000020        0xc ./Core/Src/button.o
                0x0000000020000020                KeyReg0
 .data.KeyReg1  0x000000002000002c        0xc ./Core/Src/button.o
                0x000000002000002c                KeyReg1
 .data.KeyReg2  0x0000000020000038        0xc ./Core/Src/button.o
                0x0000000020000038                KeyReg2
 .data.KeyReg3  0x0000000020000044        0xc ./Core/Src/button.o
                0x0000000020000044                KeyReg3
 .data.TimeOutForKeyPress
                0x0000000020000050        0xc ./Core/Src/button.o
                0x0000000020000050                TimeOutForKeyPress
 .data.trafficMode
                0x000000002000005c        0x4 ./Core/Src/global.o
                0x000000002000005c                trafficMode
 .data.autoStatus
                0x0000000020000060        0x4 ./Core/Src/global.o
                0x0000000020000060                autoStatus
 .data.timeRed  0x0000000020000064        0x4 ./Core/Src/global.o
                0x0000000020000064                timeRed
 .data.timeAmber
                0x0000000020000068        0x4 ./Core/Src/global.o
                0x0000000020000068                timeAmber
 .data.timeGreen
                0x000000002000006c        0x4 ./Core/Src/global.o
                0x000000002000006c                timeGreen
 .data.SystemCoreClock
                0x0000000020000070        0x4 ./Core/Src/system_stm32f1xx.o
                0x0000000020000070                SystemCoreClock
 .data.uwTickPrio
                0x0000000020000074        0x4 ./Drivers/STM32F1xx_HAL_Driver/Src/stm32f1xx_hal.o
                0x0000000020000074                uwTickPrio
 .data.uwTickFreq
                0x0000000020000078        0x1 ./Drivers/STM32F1xx_HAL_Driver/Src/stm32f1xx_hal.o
                0x0000000020000078                uwTickFreq
 *fill*         0x0000000020000079        0x3 
 .data._impure_ptr
                0x000000002000007c        0x4 c:/st/stm32cubeide_1.7.0/stm32cubeide/plugins/com.st.stm32cube.ide.mcu.externaltools.gnu-tools-for-stm32.9-2020-q2-update.win32_2.0.0.202105311346/tools/bin/../lib/gcc/arm-none-eabi/9.3.1/../../../../arm-none-eabi/lib/thumb/v7-m/nofp\libc_nano.a(lib_a-impure.o)
                0x000000002000007c                _impure_ptr
 .data.impure_data
                0x0000000020000080       0x60 c:/st/stm32cubeide_1.7.0/stm32cubeide/plugins/com.st.stm32cube.ide.mcu.externaltools.gnu-tools-for-stm32.9-2020-q2-update.win32_2.0.0.202105311346/tools/bin/../lib/gcc/arm-none-eabi/9.3.1/../../../../arm-none-eabi/lib/thumb/v7-m/nofp\libc_nano.a(lib_a-impure.o)
 *(.RamFunc)
 *(.RamFunc*)
                0x00000000200000e0                . = ALIGN (0x4)
                0x00000000200000e0                _edata = .

.igot.plt       0x00000000200000e0        0x0 load address 0x0000000008006b3c
 .igot.plt      0x00000000200000e0        0x0 c:/st/stm32cubeide_1.7.0/stm32cubeide/plugins/com.st.stm32cube.ide.mcu.externaltools.gnu-tools-for-stm32.9-2020-q2-update.win32_2.0.0.202105311346/tools/bin/../lib/gcc/arm-none-eabi/9.3.1/thumb/v7-m/nofp/crtbegin.o
                0x00000000200000e0                . = ALIGN (0x4)

.bss            0x00000000200000e0      0xad4 load address 0x0000000008006b3c
                0x00000000200000e0                _sbss = .
                0x00000000200000e0                __bss_start__ = _sbss
 *(.bss)
 .bss           0x00000000200000e0       0x1c c:/st/stm32cubeide_1.7.0/stm32cubeide/plugins/com.st.stm32cube.ide.mcu.externaltools.gnu-tools-for-stm32.9-2020-q2-update.win32_2.0.0.202105311346/tools/bin/../lib/gcc/arm-none-eabi/9.3.1/thumb/v7-m/nofp/crtbegin.o
 *(.bss*)
 .bss.lastButtonPressTime
                0x00000000200000fc        0xc ./Core/Src/System_FSM.o
 .bss.rx_buffer1
                0x0000000020000108      0x208 ./Core/Src/UartRingbuffer.o
                0x0000000020000108                rx_buffer1
 .bss.tx_buffer1
                0x0000000020000310      0x208 ./Core/Src/UartRingbuffer.o
                0x0000000020000310                tx_buffer1
 .bss.rx_buffer2
                0x0000000020000518      0x208 ./Core/Src/UartRingbuffer.o
                0x0000000020000518                rx_buffer2
 .bss.tx_buffer2
                0x0000000020000720      0x208 ./Core/Src/UartRingbuffer.o
                0x0000000020000720                tx_buffer2
 .bss.button_long_pressed
                0x0000000020000928        0xc ./Core/Src/button.o
                0x0000000020000928                button_long_pressed
 .bss.button_flag
                0x0000000020000934        0xc ./Core/Src/button.o
                0x0000000020000934                button_flag
 .bss.manualStatus
                0x0000000020000940        0x4 ./Core/Src/global.o
                0x0000000020000940                manualStatus
 .bss.tuningStatus
                0x0000000020000944        0x4 ./Core/Src/global.o
                0x0000000020000944                tuningStatus
 .bss.clock_counter_main
                0x0000000020000948        0x4 ./Core/Src/global.o
                0x0000000020000948                clock_counter_main
 .bss.clock_counter_side
                0x000000002000094c        0x4 ./Core/Src/global.o
                0x000000002000094c                clock_counter_side
 .bss.__sbrk_heap_end
                0x0000000020000950        0x4 ./Core/Src/sysmem.o
 .bss.__malloc_free_list
                0x0000000020000954        0x4 c:/st/stm32cubeide_1.7.0/stm32cubeide/plugins/com.st.stm32cube.ide.mcu.externaltools.gnu-tools-for-stm32.9-2020-q2-update.win32_2.0.0.202105311346/tools/bin/../lib/gcc/arm-none-eabi/9.3.1/../../../../arm-none-eabi/lib/thumb/v7-m/nofp\libc_nano.a(lib_a-nano-mallocr.o)
                0x0000000020000954                __malloc_free_list
 .bss.__malloc_sbrk_start
                0x0000000020000958        0x4 c:/st/stm32cubeide_1.7.0/stm32cubeide/plugins/com.st.stm32cube.ide.mcu.externaltools.gnu-tools-for-stm32.9-2020-q2-update.win32_2.0.0.202105311346/tools/bin/../lib/gcc/arm-none-eabi/9.3.1/../../../../arm-none-eabi/lib/thumb/v7-m/nofp\libc_nano.a(lib_a-nano-mallocr.o)
                0x0000000020000958                __malloc_sbrk_start
 *(COMMON)
 COMMON         0x000000002000095c       0x14 ./Core/Src/ESP8266_HAL.o
                0x000000002000095c                buffer
 COMMON         0x0000000020000970       0x7c ./Core/Src/UartRingbuffer.o
                0x0000000020000970                _tx_buffer2
                0x0000000020000974                _rx_buffer1
                0x0000000020000978                uart_buffer
                0x00000000200009ac                timeout
                0x00000000200009b0                _tx_buffer1
                0x00000000200009b4                command_buffer
                0x00000000200009e8                _rx_buffer2
 COMMON         0x00000000200009ec       0x7a ./Core/Src/global.o
                0x00000000200009ec                huart2
                0x0000000020000a34                str
 *fill*         0x0000000020000a66        0x2 
 COMMON         0x0000000020000a68       0xe4 ./Core/Src/main.o
                0x0000000020000a68                huart3
                0x0000000020000ab0                hi2c1
                0x0000000020000b04                htim2
 COMMON         0x0000000020000b4c        0x4 ./Core/Src/scheduler.o
                0x0000000020000b4c                container
 COMMON         0x0000000020000b50       0x50 ./Core/Src/software_timer.o
                0x0000000020000b50                timerFlag
                0x0000000020000b78                timerCouter
 COMMON         0x0000000020000ba0        0x4 ./Drivers/STM32F1xx_HAL_Driver/Src/stm32f1xx_hal.o
                0x0000000020000ba0                uwTick
 COMMON         0x0000000020000ba4        0x4 c:/st/stm32cubeide_1.7.0/stm32cubeide/plugins/com.st.stm32cube.ide.mcu.externaltools.gnu-tools-for-stm32.9-2020-q2-update.win32_2.0.0.202105311346/tools/bin/../lib/gcc/arm-none-eabi/9.3.1/../../../../arm-none-eabi/lib/thumb/v7-m/nofp\libc_nano.a(lib_a-reent.o)
                0x0000000020000ba4                errno
 COMMON         0x0000000020000ba8        0x9 c:/st/stm32cubeide_1.7.0/stm32cubeide/plugins/com.st.stm32cube.ide.mcu.externaltools.gnu-tools-for-stm32.9-2020-q2-update.win32_2.0.0.202105311346/tools/bin/../lib/gcc/arm-none-eabi/9.3.1/../../../../arm-none-eabi/lib/thumb/v7-m/nofp\libc_nano.a(lib_a-lock.o)
                0x0000000020000ba8                __lock___atexit_recursive_mutex
                0x0000000020000ba9                __lock___arc4random_mutex
                0x0000000020000baa                __lock___env_recursive_mutex
                0x0000000020000bab                __lock___sinit_recursive_mutex
                0x0000000020000bac                __lock___malloc_recursive_mutex
                0x0000000020000bad                __lock___at_quick_exit_mutex
                0x0000000020000bae                __lock___dd_hash_mutex
                0x0000000020000baf                __lock___tz_mutex
                0x0000000020000bb0                __lock___sfp_recursive_mutex
                0x0000000020000bb4                . = ALIGN (0x4)
 *fill*         0x0000000020000bb1        0x3 
                0x0000000020000bb4                _ebss = .
                0x0000000020000bb4                __bss_end__ = _ebss

._user_heap_stack
                0x0000000020000bb4      0x604 load address 0x0000000008006b3c
                0x0000000020000bb8                . = ALIGN (0x8)
 *fill*         0x0000000020000bb4        0x4 
                [!provide]                        PROVIDE (end = .)
                0x0000000020000bb8                PROVIDE (_end = .)
                0x0000000020000db8                . = (. + _Min_Heap_Size)
 *fill*         0x0000000020000bb8      0x200 
                0x00000000200011b8                . = (. + _Min_Stack_Size)
 *fill*         0x0000000020000db8      0x400 
                0x00000000200011b8                . = ALIGN (0x8)

/DISCARD/
 libc.a(*)
 libm.a(*)
 libgcc.a(*)

.ARM.attributes
                0x0000000000000000       0x29
 *(.ARM.attributes)
 .ARM.attributes
                0x0000000000000000       0x1d c:/st/stm32cubeide_1.7.0/stm32cubeide/plugins/com.st.stm32cube.ide.mcu.externaltools.gnu-tools-for-stm32.9-2020-q2-update.win32_2.0.0.202105311346/tools/bin/../lib/gcc/arm-none-eabi/9.3.1/thumb/v7-m/nofp/crti.o
 .ARM.attributes
                0x000000000000001d       0x2d c:/st/stm32cubeide_1.7.0/stm32cubeide/plugins/com.st.stm32cube.ide.mcu.externaltools.gnu-tools-for-stm32.9-2020-q2-update.win32_2.0.0.202105311346/tools/bin/../lib/gcc/arm-none-eabi/9.3.1/thumb/v7-m/nofp/crtbegin.o
 .ARM.attributes
                0x000000000000004a       0x2d ./Core/Src/ESP8266_HAL.o
 .ARM.attributes
                0x0000000000000077       0x2d ./Core/Src/System_FSM.o
 .ARM.attributes
                0x00000000000000a4       0x2d ./Core/Src/Traffic_Light_FSM.o
 .ARM.attributes
                0x00000000000000d1       0x2d ./Core/Src/UartRingbuffer.o
 .ARM.attributes
                0x00000000000000fe       0x2d ./Core/Src/button.o
 .ARM.attributes
                0x000000000000012b       0x33 ./Core/Src/global.o
 .ARM.attributes
                0x000000000000015e       0x2d ./Core/Src/i2c-lcd.o
 .ARM.attributes
                0x000000000000018b       0x2d ./Core/Src/main.o
 .ARM.attributes
                0x00000000000001b8       0x2d ./Core/Src/scheduler.o
 .ARM.attributes
                0x00000000000001e5       0x2d ./Core/Src/software_timer.o
 .ARM.attributes
                0x0000000000000212       0x2d ./Core/Src/stm32f1xx_hal_msp.o
 .ARM.attributes
                0x000000000000023f       0x2d ./Core/Src/stm32f1xx_it.o
 .ARM.attributes
                0x000000000000026c       0x2d ./Core/Src/sysmem.o
 .ARM.attributes
                0x0000000000000299       0x2d ./Core/Src/system_stm32f1xx.o
 .ARM.attributes
                0x00000000000002c6       0x21 ./Core/Startup/startup_stm32f103rbtx.o
 .ARM.attributes
                0x00000000000002e7       0x2d ./Drivers/STM32F1xx_HAL_Driver/Src/stm32f1xx_hal.o
 .ARM.attributes
                0x0000000000000314       0x2d ./Drivers/STM32F1xx_HAL_Driver/Src/stm32f1xx_hal_cortex.o
 .ARM.attributes
                0x0000000000000341       0x2d ./Drivers/STM32F1xx_HAL_Driver/Src/stm32f1xx_hal_dma.o
 .ARM.attributes
                0x000000000000036e       0x2d ./Drivers/STM32F1xx_HAL_Driver/Src/stm32f1xx_hal_gpio.o
 .ARM.attributes
                0x000000000000039b       0x2d ./Drivers/STM32F1xx_HAL_Driver/Src/stm32f1xx_hal_i2c.o
 .ARM.attributes
                0x00000000000003c8       0x2d ./Drivers/STM32F1xx_HAL_Driver/Src/stm32f1xx_hal_rcc.o
 .ARM.attributes
                0x00000000000003f5       0x2d ./Drivers/STM32F1xx_HAL_Driver/Src/stm32f1xx_hal_tim.o
 .ARM.attributes
                0x0000000000000422       0x2d ./Drivers/STM32F1xx_HAL_Driver/Src/stm32f1xx_hal_tim_ex.o
 .ARM.attributes
                0x000000000000044f       0x2d ./Drivers/STM32F1xx_HAL_Driver/Src/stm32f1xx_hal_uart.o
 .ARM.attributes
                0x000000000000047c       0x2d c:/st/stm32cubeide_1.7.0/stm32cubeide/plugins/com.st.stm32cube.ide.mcu.externaltools.gnu-tools-for-stm32.9-2020-q2-update.win32_2.0.0.202105311346/tools/bin/../lib/gcc/arm-none-eabi/9.3.1/../../../../arm-none-eabi/lib/thumb/v7-m/nofp\libc_nano.a(lib_a-errno.o)
 .ARM.attributes
                0x00000000000004a9       0x2d c:/st/stm32cubeide_1.7.0/stm32cubeide/plugins/com.st.stm32cube.ide.mcu.externaltools.gnu-tools-for-stm32.9-2020-q2-update.win32_2.0.0.202105311346/tools/bin/../lib/gcc/arm-none-eabi/9.3.1/../../../../arm-none-eabi/lib/thumb/v7-m/nofp\libc_nano.a(lib_a-impure.o)
 .ARM.attributes
                0x00000000000004d6       0x2d c:/st/stm32cubeide_1.7.0/stm32cubeide/plugins/com.st.stm32cube.ide.mcu.externaltools.gnu-tools-for-stm32.9-2020-q2-update.win32_2.0.0.202105311346/tools/bin/../lib/gcc/arm-none-eabi/9.3.1/../../../../arm-none-eabi/lib/thumb/v7-m/nofp\libc_nano.a(lib_a-init.o)
 .ARM.attributes
                0x0000000000000503       0x2d c:/st/stm32cubeide_1.7.0/stm32cubeide/plugins/com.st.stm32cube.ide.mcu.externaltools.gnu-tools-for-stm32.9-2020-q2-update.win32_2.0.0.202105311346/tools/bin/../lib/gcc/arm-none-eabi/9.3.1/../../../../arm-none-eabi/lib/thumb/v7-m/nofp\libc_nano.a(lib_a-malloc.o)
 .ARM.attributes
                0x0000000000000530       0x2d c:/st/stm32cubeide_1.7.0/stm32cubeide/plugins/com.st.stm32cube.ide.mcu.externaltools.gnu-tools-for-stm32.9-2020-q2-update.win32_2.0.0.202105311346/tools/bin/../lib/gcc/arm-none-eabi/9.3.1/../../../../arm-none-eabi/lib/thumb/v7-m/nofp\libc_nano.a(lib_a-memset.o)
 .ARM.attributes
                0x000000000000055d       0x2d c:/st/stm32cubeide_1.7.0/stm32cubeide/plugins/com.st.stm32cube.ide.mcu.externaltools.gnu-tools-for-stm32.9-2020-q2-update.win32_2.0.0.202105311346/tools/bin/../lib/gcc/arm-none-eabi/9.3.1/../../../../arm-none-eabi/lib/thumb/v7-m/nofp\libc_nano.a(lib_a-nano-freer.o)
 .ARM.attributes
                0x000000000000058a       0x2d c:/st/stm32cubeide_1.7.0/stm32cubeide/plugins/com.st.stm32cube.ide.mcu.externaltools.gnu-tools-for-stm32.9-2020-q2-update.win32_2.0.0.202105311346/tools/bin/../lib/gcc/arm-none-eabi/9.3.1/../../../../arm-none-eabi/lib/thumb/v7-m/nofp\libc_nano.a(lib_a-nano-mallocr.o)
 .ARM.attributes
                0x00000000000005b7       0x2d c:/st/stm32cubeide_1.7.0/stm32cubeide/plugins/com.st.stm32cube.ide.mcu.externaltools.gnu-tools-for-stm32.9-2020-q2-update.win32_2.0.0.202105311346/tools/bin/../lib/gcc/arm-none-eabi/9.3.1/../../../../arm-none-eabi/lib/thumb/v7-m/nofp\libc_nano.a(lib_a-sbrkr.o)
 .ARM.attributes
                0x00000000000005e4       0x2d c:/st/stm32cubeide_1.7.0/stm32cubeide/plugins/com.st.stm32cube.ide.mcu.externaltools.gnu-tools-for-stm32.9-2020-q2-update.win32_2.0.0.202105311346/tools/bin/../lib/gcc/arm-none-eabi/9.3.1/../../../../arm-none-eabi/lib/thumb/v7-m/nofp\libc_nano.a(lib_a-snprintf.o)
 .ARM.attributes
                0x0000000000000611       0x2d c:/st/stm32cubeide_1.7.0/stm32cubeide/plugins/com.st.stm32cube.ide.mcu.externaltools.gnu-tools-for-stm32.9-2020-q2-update.win32_2.0.0.202105311346/tools/bin/../lib/gcc/arm-none-eabi/9.3.1/../../../../arm-none-eabi/lib/thumb/v7-m/nofp\libc_nano.a(lib_a-sprintf.o)
 .ARM.attributes
                0x000000000000063e       0x2d c:/st/stm32cubeide_1.7.0/stm32cubeide/plugins/com.st.stm32cube.ide.mcu.externaltools.gnu-tools-for-stm32.9-2020-q2-update.win32_2.0.0.202105311346/tools/bin/../lib/gcc/arm-none-eabi/9.3.1/../../../../arm-none-eabi/lib/thumb/v7-m/nofp\libc_nano.a(lib_a-strcat.o)
 .ARM.attributes
                0x000000000000066b       0x1b c:/st/stm32cubeide_1.7.0/stm32cubeide/plugins/com.st.stm32cube.ide.mcu.externaltools.gnu-tools-for-stm32.9-2020-q2-update.win32_2.0.0.202105311346/tools/bin/../lib/gcc/arm-none-eabi/9.3.1/../../../../arm-none-eabi/lib/thumb/v7-m/nofp\libc_nano.a(lib_a-strcmp.o)
 .ARM.attributes
                0x0000000000000686       0x17 c:/st/stm32cubeide_1.7.0/stm32cubeide/plugins/com.st.stm32cube.ide.mcu.externaltools.gnu-tools-for-stm32.9-2020-q2-update.win32_2.0.0.202105311346/tools/bin/../lib/gcc/arm-none-eabi/9.3.1/../../../../arm-none-eabi/lib/thumb/v7-m/nofp\libc_nano.a(lib_a-strlen.o)
 .ARM.attributes
                0x000000000000069d       0x2d c:/st/stm32cubeide_1.7.0/stm32cubeide/plugins/com.st.stm32cube.ide.mcu.externaltools.gnu-tools-for-stm32.9-2020-q2-update.win32_2.0.0.202105311346/tools/bin/../lib/gcc/arm-none-eabi/9.3.1/../../../../arm-none-eabi/lib/thumb/v7-m/nofp\libc_nano.a(lib_a-strstr.o)
 .ARM.attributes
                0x00000000000006ca       0x2d c:/st/stm32cubeide_1.7.0/stm32cubeide/plugins/com.st.stm32cube.ide.mcu.externaltools.gnu-tools-for-stm32.9-2020-q2-update.win32_2.0.0.202105311346/tools/bin/../lib/gcc/arm-none-eabi/9.3.1/../../../../arm-none-eabi/lib/thumb/v7-m/nofp\libc_nano.a(lib_a-mlock.o)
 .ARM.attributes
                0x00000000000006f7       0x2d c:/st/stm32cubeide_1.7.0/stm32cubeide/plugins/com.st.stm32cube.ide.mcu.externaltools.gnu-tools-for-stm32.9-2020-q2-update.win32_2.0.0.202105311346/tools/bin/../lib/gcc/arm-none-eabi/9.3.1/../../../../arm-none-eabi/lib/thumb/v7-m/nofp\libc_nano.a(lib_a-nano-svfprintf.o)
 .ARM.attributes
                0x0000000000000724       0x2d c:/st/stm32cubeide_1.7.0/stm32cubeide/plugins/com.st.stm32cube.ide.mcu.externaltools.gnu-tools-for-stm32.9-2020-q2-update.win32_2.0.0.202105311346/tools/bin/../lib/gcc/arm-none-eabi/9.3.1/../../../../arm-none-eabi/lib/thumb/v7-m/nofp\libc_nano.a(lib_a-nano-vfprintf_i.o)
 .ARM.attributes
                0x0000000000000751       0x2d c:/st/stm32cubeide_1.7.0/stm32cubeide/plugins/com.st.stm32cube.ide.mcu.externaltools.gnu-tools-for-stm32.9-2020-q2-update.win32_2.0.0.202105311346/tools/bin/../lib/gcc/arm-none-eabi/9.3.1/../../../../arm-none-eabi/lib/thumb/v7-m/nofp\libc_nano.a(lib_a-reent.o)
 .ARM.attributes
                0x000000000000077e       0x2d c:/st/stm32cubeide_1.7.0/stm32cubeide/plugins/com.st.stm32cube.ide.mcu.externaltools.gnu-tools-for-stm32.9-2020-q2-update.win32_2.0.0.202105311346/tools/bin/../lib/gcc/arm-none-eabi/9.3.1/../../../../arm-none-eabi/lib/thumb/v7-m/nofp\libc_nano.a(lib_a-lock.o)
 .ARM.attributes
                0x00000000000007ab       0x2d c:/st/stm32cubeide_1.7.0/stm32cubeide/plugins/com.st.stm32cube.ide.mcu.externaltools.gnu-tools-for-stm32.9-2020-q2-update.win32_2.0.0.202105311346/tools/bin/../lib/gcc/arm-none-eabi/9.3.1/../../../../arm-none-eabi/lib/thumb/v7-m/nofp\libc_nano.a(lib_a-memchr-stub.o)
 .ARM.attributes
                0x00000000000007d8       0x2d c:/st/stm32cubeide_1.7.0/stm32cubeide/plugins/com.st.stm32cube.ide.mcu.externaltools.gnu-tools-for-stm32.9-2020-q2-update.win32_2.0.0.202105311346/tools/bin/../lib/gcc/arm-none-eabi/9.3.1/../../../../arm-none-eabi/lib/thumb/v7-m/nofp\libc_nano.a(lib_a-memcpy-stub.o)
 .ARM.attributes
                0x0000000000000805       0x2d c:/st/stm32cubeide_1.7.0/stm32cubeide/plugins/com.st.stm32cube.ide.mcu.externaltools.gnu-tools-for-stm32.9-2020-q2-update.win32_2.0.0.202105311346/tools/bin/../lib/gcc/arm-none-eabi/9.3.1/../../../../arm-none-eabi/lib/thumb/v7-m/nofp\libc_nano.a(lib_a-memmove.o)
 .ARM.attributes
                0x0000000000000832       0x2d c:/st/stm32cubeide_1.7.0/stm32cubeide/plugins/com.st.stm32cube.ide.mcu.externaltools.gnu-tools-for-stm32.9-2020-q2-update.win32_2.0.0.202105311346/tools/bin/../lib/gcc/arm-none-eabi/9.3.1/../../../../arm-none-eabi/lib/thumb/v7-m/nofp\libc_nano.a(lib_a-nano-reallocr.o)
 .ARM.attributes
                0x000000000000085f       0x2d c:/st/stm32cubeide_1.7.0/stm32cubeide/plugins/com.st.stm32cube.ide.mcu.externaltools.gnu-tools-for-stm32.9-2020-q2-update.win32_2.0.0.202105311346/tools/bin/../lib/gcc/arm-none-eabi/9.3.1/../../../../arm-none-eabi/lib/thumb/v7-m/nofp\libc_nano.a(lib_a-nano-msizer.o)
 .ARM.attributes
                0x000000000000088c       0x1d c:/st/stm32cubeide_1.7.0/stm32cubeide/plugins/com.st.stm32cube.ide.mcu.externaltools.gnu-tools-for-stm32.9-2020-q2-update.win32_2.0.0.202105311346/tools/bin/../lib/gcc/arm-none-eabi/9.3.1/thumb/v7-m/nofp/crtn.o
OUTPUT(BTL.elf elf32-littlearm)
LOAD linker stubs
LOAD c:/st/stm32cubeide_1.7.0/stm32cubeide/plugins/com.st.stm32cube.ide.mcu.externaltools.gnu-tools-for-stm32.9-2020-q2-update.win32_2.0.0.202105311346/tools/bin/../lib/gcc/arm-none-eabi/9.3.1/../../../../arm-none-eabi/lib/thumb/v7-m/nofp\libc.a
LOAD c:/st/stm32cubeide_1.7.0/stm32cubeide/plugins/com.st.stm32cube.ide.mcu.externaltools.gnu-tools-for-stm32.9-2020-q2-update.win32_2.0.0.202105311346/tools/bin/../lib/gcc/arm-none-eabi/9.3.1/../../../../arm-none-eabi/lib/thumb/v7-m/nofp\libm.a
LOAD c:/st/stm32cubeide_1.7.0/stm32cubeide/plugins/com.st.stm32cube.ide.mcu.externaltools.gnu-tools-for-stm32.9-2020-q2-update.win32_2.0.0.202105311346/tools/bin/../lib/gcc/arm-none-eabi/9.3.1/thumb/v7-m/nofp\libgcc.a

.debug_info     0x0000000000000000    0x1957c
 .debug_info    0x0000000000000000     0x117a ./Core/Src/ESP8266_HAL.o
 .debug_info    0x000000000000117a     0x136c ./Core/Src/System_FSM.o
 .debug_info    0x00000000000024e6     0x10f6 ./Core/Src/Traffic_Light_FSM.o
 .debug_info    0x00000000000035dc     0x170b ./Core/Src/UartRingbuffer.o
 .debug_info    0x0000000000004ce7     0x1161 ./Core/Src/button.o
 .debug_info    0x0000000000005e48     0x1012 ./Core/Src/global.o
 .debug_info    0x0000000000006e5a      0x7d7 ./Core/Src/i2c-lcd.o
 .debug_info    0x0000000000007631     0x1c43 ./Core/Src/main.o
 .debug_info    0x0000000000009274     0x11fd ./Core/Src/scheduler.o
 .debug_info    0x000000000000a471      0x258 ./Core/Src/software_timer.o
 .debug_info    0x000000000000a6c9     0x11a9 ./Core/Src/stm32f1xx_hal_msp.o
 .debug_info    0x000000000000b872      0xa5d ./Core/Src/stm32f1xx_it.o
 .debug_info    0x000000000000c2cf      0xa25 ./Core/Src/sysmem.o
 .debug_info    0x000000000000ccf4      0x2be ./Core/Src/system_stm32f1xx.o
 .debug_info    0x000000000000cfb2       0x22 ./Core/Startup/startup_stm32f103rbtx.o
 .debug_info    0x000000000000cfd4      0x76a ./Drivers/STM32F1xx_HAL_Driver/Src/stm32f1xx_hal.o
 .debug_info    0x000000000000d73e      0xbdc ./Drivers/STM32F1xx_HAL_Driver/Src/stm32f1xx_hal_cortex.o
 .debug_info    0x000000000000e31a      0x823 ./Drivers/STM32F1xx_HAL_Driver/Src/stm32f1xx_hal_dma.o
 .debug_info    0x000000000000eb3d      0x701 ./Drivers/STM32F1xx_HAL_Driver/Src/stm32f1xx_hal_gpio.o
 .debug_info    0x000000000000f23e     0x27cb ./Drivers/STM32F1xx_HAL_Driver/Src/stm32f1xx_hal_i2c.o
 .debug_info    0x0000000000011a09      0x893 ./Drivers/STM32F1xx_HAL_Driver/Src/stm32f1xx_hal_rcc.o
 .debug_info    0x000000000001229c     0x2c32 ./Drivers/STM32F1xx_HAL_Driver/Src/stm32f1xx_hal_tim.o
 .debug_info    0x0000000000014ece     0x157f ./Drivers/STM32F1xx_HAL_Driver/Src/stm32f1xx_hal_tim_ex.o
 .debug_info    0x000000000001644d     0x312f ./Drivers/STM32F1xx_HAL_Driver/Src/stm32f1xx_hal_uart.o

.debug_abbrev   0x0000000000000000     0x34a4
 .debug_abbrev  0x0000000000000000      0x281 ./Core/Src/ESP8266_HAL.o
 .debug_abbrev  0x0000000000000281      0x2fd ./Core/Src/System_FSM.o
 .debug_abbrev  0x000000000000057e      0x1ff ./Core/Src/Traffic_Light_FSM.o
 .debug_abbrev  0x000000000000077d      0x3ca ./Core/Src/UartRingbuffer.o
 .debug_abbrev  0x0000000000000b47      0x28a ./Core/Src/button.o
 .debug_abbrev  0x0000000000000dd1      0x1cf ./Core/Src/global.o
 .debug_abbrev  0x0000000000000fa0      0x1b2 ./Core/Src/i2c-lcd.o
 .debug_abbrev  0x0000000000001152      0x36e ./Core/Src/main.o
 .debug_abbrev  0x00000000000014c0      0x278 ./Core/Src/scheduler.o
 .debug_abbrev  0x0000000000001738      0x128 ./Core/Src/software_timer.o
 .debug_abbrev  0x0000000000001860      0x1f5 ./Core/Src/stm32f1xx_hal_msp.o
 .debug_abbrev  0x0000000000001a55      0x176 ./Core/Src/stm32f1xx_it.o
 .debug_abbrev  0x0000000000001bcb      0x1bf ./Core/Src/sysmem.o
 .debug_abbrev  0x0000000000001d8a      0x14e ./Core/Src/system_stm32f1xx.o
 .debug_abbrev  0x0000000000001ed8       0x12 ./Core/Startup/startup_stm32f103rbtx.o
 .debug_abbrev  0x0000000000001eea      0x1ed ./Drivers/STM32F1xx_HAL_Driver/Src/stm32f1xx_hal.o
 .debug_abbrev  0x00000000000020d7      0x313 ./Drivers/STM32F1xx_HAL_Driver/Src/stm32f1xx_hal_cortex.o
 .debug_abbrev  0x00000000000023ea      0x228 ./Drivers/STM32F1xx_HAL_Driver/Src/stm32f1xx_hal_dma.o
 .debug_abbrev  0x0000000000002612      0x1e8 ./Drivers/STM32F1xx_HAL_Driver/Src/stm32f1xx_hal_gpio.o
 .debug_abbrev  0x00000000000027fa      0x288 ./Drivers/STM32F1xx_HAL_Driver/Src/stm32f1xx_hal_i2c.o
 .debug_abbrev  0x0000000000002a82      0x273 ./Drivers/STM32F1xx_HAL_Driver/Src/stm32f1xx_hal_rcc.o
 .debug_abbrev  0x0000000000002cf5      0x25e ./Drivers/STM32F1xx_HAL_Driver/Src/stm32f1xx_hal_tim.o
 .debug_abbrev  0x0000000000002f53      0x266 ./Drivers/STM32F1xx_HAL_Driver/Src/stm32f1xx_hal_tim_ex.o
 .debug_abbrev  0x00000000000031b9      0x2eb ./Drivers/STM32F1xx_HAL_Driver/Src/stm32f1xx_hal_uart.o

.debug_aranges  0x0000000000000000     0x1190
 .debug_aranges
                0x0000000000000000       0x38 ./Core/Src/ESP8266_HAL.o
 .debug_aranges
                0x0000000000000038       0x68 ./Core/Src/System_FSM.o
 .debug_aranges
                0x00000000000000a0       0x70 ./Core/Src/Traffic_Light_FSM.o
 .debug_aranges
                0x0000000000000110       0xa0 ./Core/Src/UartRingbuffer.o
 .debug_aranges
                0x00000000000001b0       0x38 ./Core/Src/button.o
 .debug_aranges
                0x00000000000001e8       0x18 ./Core/Src/global.o
 .debug_aranges
                0x0000000000000200       0x48 ./Core/Src/i2c-lcd.o
 .debug_aranges
                0x0000000000000248       0x60 ./Core/Src/main.o
 .debug_aranges
                0x00000000000002a8       0x50 ./Core/Src/scheduler.o
 .debug_aranges
                0x00000000000002f8       0x30 ./Core/Src/software_timer.o
 .debug_aranges
                0x0000000000000328       0x50 ./Core/Src/stm32f1xx_hal_msp.o
 .debug_aranges
                0x0000000000000378       0x78 ./Core/Src/stm32f1xx_it.o
 .debug_aranges
                0x00000000000003f0       0x20 ./Core/Src/sysmem.o
 .debug_aranges
                0x0000000000000410       0x28 ./Core/Src/system_stm32f1xx.o
 .debug_aranges
                0x0000000000000438       0x28 ./Core/Startup/startup_stm32f103rbtx.o
 .debug_aranges
                0x0000000000000460       0xe0 ./Drivers/STM32F1xx_HAL_Driver/Src/stm32f1xx_hal.o
 .debug_aranges
                0x0000000000000540      0x100 ./Drivers/STM32F1xx_HAL_Driver/Src/stm32f1xx_hal_cortex.o
 .debug_aranges
                0x0000000000000640       0x80 ./Drivers/STM32F1xx_HAL_Driver/Src/stm32f1xx_hal_dma.o
 .debug_aranges
                0x00000000000006c0       0x58 ./Drivers/STM32F1xx_HAL_Driver/Src/stm32f1xx_hal_gpio.o
 .debug_aranges
                0x0000000000000718      0x2a8 ./Drivers/STM32F1xx_HAL_Driver/Src/stm32f1xx_hal_i2c.o
 .debug_aranges
                0x00000000000009c0       0x90 ./Drivers/STM32F1xx_HAL_Driver/Src/stm32f1xx_hal_rcc.o
 .debug_aranges
                0x0000000000000a50      0x3d0 ./Drivers/STM32F1xx_HAL_Driver/Src/stm32f1xx_hal_tim.o
 .debug_aranges
                0x0000000000000e20      0x168 ./Drivers/STM32F1xx_HAL_Driver/Src/stm32f1xx_hal_tim_ex.o
 .debug_aranges
                0x0000000000000f88      0x208 ./Drivers/STM32F1xx_HAL_Driver/Src/stm32f1xx_hal_uart.o

.debug_ranges   0x0000000000000000     0x10a0
 .debug_ranges  0x0000000000000000       0x28 ./Core/Src/ESP8266_HAL.o
 .debug_ranges  0x0000000000000028       0x70 ./Core/Src/System_FSM.o
 .debug_ranges  0x0000000000000098       0x60 ./Core/Src/Traffic_Light_FSM.o
 .debug_ranges  0x00000000000000f8       0xa8 ./Core/Src/UartRingbuffer.o
 .debug_ranges  0x00000000000001a0       0x28 ./Core/Src/button.o
 .debug_ranges  0x00000000000001c8       0x38 ./Core/Src/i2c-lcd.o
 .debug_ranges  0x0000000000000200       0x50 ./Core/Src/main.o
 .debug_ranges  0x0000000000000250       0x58 ./Core/Src/scheduler.o
 .debug_ranges  0x00000000000002a8       0x20 ./Core/Src/software_timer.o
 .debug_ranges  0x00000000000002c8       0x40 ./Core/Src/stm32f1xx_hal_msp.o
 .debug_ranges  0x0000000000000308       0x68 ./Core/Src/stm32f1xx_it.o
 .debug_ranges  0x0000000000000370       0x10 ./Core/Src/sysmem.o
 .debug_ranges  0x0000000000000380       0x18 ./Core/Src/system_stm32f1xx.o
 .debug_ranges  0x0000000000000398       0x20 ./Core/Startup/startup_stm32f103rbtx.o
 .debug_ranges  0x00000000000003b8       0xd0 ./Drivers/STM32F1xx_HAL_Driver/Src/stm32f1xx_hal.o
 .debug_ranges  0x0000000000000488       0xf0 ./Drivers/STM32F1xx_HAL_Driver/Src/stm32f1xx_hal_cortex.o
 .debug_ranges  0x0000000000000578       0x70 ./Drivers/STM32F1xx_HAL_Driver/Src/stm32f1xx_hal_dma.o
 .debug_ranges  0x00000000000005e8       0x48 ./Drivers/STM32F1xx_HAL_Driver/Src/stm32f1xx_hal_gpio.o
 .debug_ranges  0x0000000000000630      0x2b0 ./Drivers/STM32F1xx_HAL_Driver/Src/stm32f1xx_hal_i2c.o
 .debug_ranges  0x00000000000008e0       0x80 ./Drivers/STM32F1xx_HAL_Driver/Src/stm32f1xx_hal_rcc.o
 .debug_ranges  0x0000000000000960      0x3c0 ./Drivers/STM32F1xx_HAL_Driver/Src/stm32f1xx_hal_tim.o
 .debug_ranges  0x0000000000000d20      0x158 ./Drivers/STM32F1xx_HAL_Driver/Src/stm32f1xx_hal_tim_ex.o
 .debug_ranges  0x0000000000000e78      0x228 ./Drivers/STM32F1xx_HAL_Driver/Src/stm32f1xx_hal_uart.o

.debug_macro    0x0000000000000000    0x1a0aa
 .debug_macro   0x0000000000000000      0x3bc ./Core/Src/ESP8266_HAL.o
 .debug_macro   0x00000000000003bc      0xa9c ./Core/Src/ESP8266_HAL.o
 .debug_macro   0x0000000000000e58      0x221 ./Core/Src/ESP8266_HAL.o
 .debug_macro   0x0000000000001079       0x2e ./Core/Src/ESP8266_HAL.o
 .debug_macro   0x00000000000010a7       0x22 ./Core/Src/ESP8266_HAL.o
 .debug_macro   0x00000000000010c9       0x22 ./Core/Src/ESP8266_HAL.o
 .debug_macro   0x00000000000010eb       0x8e ./Core/Src/ESP8266_HAL.o
 .debug_macro   0x0000000000001179       0x51 ./Core/Src/ESP8266_HAL.o
 .debug_macro   0x00000000000011ca      0x103 ./Core/Src/ESP8266_HAL.o
 .debug_macro   0x00000000000012cd       0x6a ./Core/Src/ESP8266_HAL.o
 .debug_macro   0x0000000000001337      0x1df ./Core/Src/ESP8266_HAL.o
 .debug_macro   0x0000000000001516       0x1c ./Core/Src/ESP8266_HAL.o
 .debug_macro   0x0000000000001532       0x22 ./Core/Src/ESP8266_HAL.o
 .debug_macro   0x0000000000001554       0xc3 ./Core/Src/ESP8266_HAL.o
 .debug_macro   0x0000000000001617      0xd23 ./Core/Src/ESP8266_HAL.o
 .debug_macro   0x000000000000233a     0xe09e ./Core/Src/ESP8266_HAL.o
 .debug_macro   0x00000000000103d8       0x6d ./Core/Src/ESP8266_HAL.o
 .debug_macro   0x0000000000010445     0x34a2 ./Core/Src/ESP8266_HAL.o
 .debug_macro   0x00000000000138e7      0x174 ./Core/Src/ESP8266_HAL.o
 .debug_macro   0x0000000000013a5b       0x5c ./Core/Src/ESP8266_HAL.o
 .debug_macro   0x0000000000013ab7      0x5bc ./Core/Src/ESP8266_HAL.o
 .debug_macro   0x0000000000014073      0x289 ./Core/Src/ESP8266_HAL.o
 .debug_macro   0x00000000000142fc      0x1cb ./Core/Src/ESP8266_HAL.o
 .debug_macro   0x00000000000144c7      0x114 ./Core/Src/ESP8266_HAL.o
 .debug_macro   0x00000000000145db      0x1b2 ./Core/Src/ESP8266_HAL.o
 .debug_macro   0x000000000001478d       0x27 ./Core/Src/ESP8266_HAL.o
 .debug_macro   0x00000000000147b4      0x136 ./Core/Src/ESP8266_HAL.o
 .debug_macro   0x00000000000148ea      0x1bc ./Core/Src/ESP8266_HAL.o
 .debug_macro   0x0000000000014aa6       0x34 ./Core/Src/ESP8266_HAL.o
 .debug_macro   0x0000000000014ada       0x3c ./Core/Src/ESP8266_HAL.o
 .debug_macro   0x0000000000014b16       0x57 ./Core/Src/ESP8266_HAL.o
 .debug_macro   0x0000000000014b6d       0x87 ./Core/Src/ESP8266_HAL.o
 .debug_macro   0x0000000000014bf4      0x240 ./Core/Src/ESP8266_HAL.o
 .debug_macro   0x0000000000014e34      0x287 ./Core/Src/ESP8266_HAL.o
 .debug_macro   0x00000000000150bb      0x140 ./Core/Src/ESP8266_HAL.o
 .debug_macro   0x00000000000151fb      0x8ed ./Core/Src/ESP8266_HAL.o
 .debug_macro   0x0000000000015ae8      0x28e ./Core/Src/ESP8266_HAL.o
 .debug_macro   0x0000000000015d76       0x83 ./Core/Src/ESP8266_HAL.o
 .debug_macro   0x0000000000015df9       0xe8 ./Core/Src/ESP8266_HAL.o
 .debug_macro   0x0000000000015ee1       0x52 ./Core/Src/ESP8266_HAL.o
 .debug_macro   0x0000000000015f33       0x18 ./Core/Src/ESP8266_HAL.o
 .debug_macro   0x0000000000015f4b       0x3c ./Core/Src/ESP8266_HAL.o
 .debug_macro   0x0000000000015f87       0x34 ./Core/Src/ESP8266_HAL.o
 .debug_macro   0x0000000000015fbb       0x16 ./Core/Src/ESP8266_HAL.o
 .debug_macro   0x0000000000015fd1       0x35 ./Core/Src/ESP8266_HAL.o
 .debug_macro   0x0000000000016006      0x333 ./Core/Src/ESP8266_HAL.o
 .debug_macro   0x0000000000016339       0x10 ./Core/Src/ESP8266_HAL.o
 .debug_macro   0x0000000000016349       0x16 ./Core/Src/ESP8266_HAL.o
 .debug_macro   0x000000000001635f       0x43 ./Core/Src/ESP8266_HAL.o
 .debug_macro   0x00000000000163a2       0x34 ./Core/Src/ESP8266_HAL.o
 .debug_macro   0x00000000000163d6       0x10 ./Core/Src/ESP8266_HAL.o
 .debug_macro   0x00000000000163e6       0x58 ./Core/Src/ESP8266_HAL.o
 .debug_macro   0x000000000001643e       0x71 ./Core/Src/ESP8266_HAL.o
 .debug_macro   0x00000000000164af       0x1c ./Core/Src/ESP8266_HAL.o
 .debug_macro   0x00000000000164cb      0x12a ./Core/Src/ESP8266_HAL.o
 .debug_macro   0x00000000000165f5       0x10 ./Core/Src/ESP8266_HAL.o
 .debug_macro   0x0000000000016605       0x1c ./Core/Src/ESP8266_HAL.o
 .debug_macro   0x0000000000016621       0x52 ./Core/Src/ESP8266_HAL.o
 .debug_macro   0x0000000000016673       0x22 ./Core/Src/ESP8266_HAL.o
 .debug_macro   0x0000000000016695       0x10 ./Core/Src/ESP8266_HAL.o
 .debug_macro   0x00000000000166a5       0x40 ./Core/Src/ESP8266_HAL.o
 .debug_macro   0x00000000000166e5       0xd5 ./Core/Src/ESP8266_HAL.o
 .debug_macro   0x00000000000167ba       0x1c ./Core/Src/ESP8266_HAL.o
 .debug_macro   0x00000000000167d6       0x3d ./Core/Src/ESP8266_HAL.o
 .debug_macro   0x0000000000016813       0x16 ./Core/Src/ESP8266_HAL.o
 .debug_macro   0x0000000000016829      0x145 ./Core/Src/ESP8266_HAL.o
 .debug_macro   0x000000000001696e       0x10 ./Core/Src/ESP8266_HAL.o
 .debug_macro   0x000000000001697e       0x22 ./Core/Src/ESP8266_HAL.o
 .debug_macro   0x00000000000169a0       0x94 ./Core/Src/ESP8266_HAL.o
 .debug_macro   0x0000000000016a34       0x16 ./Core/Src/ESP8266_HAL.o
 .debug_macro   0x0000000000016a4a       0x20 ./Core/Src/ESP8266_HAL.o
 .debug_macro   0x0000000000016a6a      0x379 ./Core/Src/System_FSM.o
 .debug_macro   0x0000000000016de3       0xe2 ./Core/Src/System_FSM.o
 .debug_macro   0x0000000000016ec5       0x10 ./Core/Src/System_FSM.o
 .debug_macro   0x0000000000016ed5      0x375 ./Core/Src/Traffic_Light_FSM.o
 .debug_macro   0x000000000001724a      0x3b2 ./Core/Src/UartRingbuffer.o
 .debug_macro   0x00000000000175fc      0x380 ./Core/Src/button.o
 .debug_macro   0x000000000001797c       0x16 ./Core/Src/button.o
 .debug_macro   0x0000000000017992      0x371 ./Core/Src/global.o
 .debug_macro   0x0000000000017d03      0x1b7 ./Core/Src/i2c-lcd.o
 .debug_macro   0x0000000000017eba      0x39c ./Core/Src/main.o
 .debug_macro   0x0000000000018256       0x1c ./Core/Src/main.o
 .debug_macro   0x0000000000018272      0x3af ./Core/Src/scheduler.o
 .debug_macro   0x0000000000018621       0x16 ./Core/Src/scheduler.o
 .debug_macro   0x0000000000018637       0x16 ./Core/Src/scheduler.o
 .debug_macro   0x000000000001864d       0x29 ./Core/Src/scheduler.o
 .debug_macro   0x0000000000018676      0x1c5 ./Core/Src/software_timer.o
 .debug_macro   0x000000000001883b      0x1bc ./Core/Src/stm32f1xx_hal_msp.o
 .debug_macro   0x00000000000189f7      0x1c6 ./Core/Src/stm32f1xx_it.o
 .debug_macro   0x0000000000018bbd       0xff ./Core/Src/sysmem.o
 .debug_macro   0x0000000000018cbc      0x23b ./Core/Src/sysmem.o
 .debug_macro   0x0000000000018ef7      0x1ad ./Core/Src/system_stm32f1xx.o
 .debug_macro   0x00000000000190a4      0x1d1 ./Drivers/STM32F1xx_HAL_Driver/Src/stm32f1xx_hal.o
 .debug_macro   0x0000000000019275      0x1ad ./Drivers/STM32F1xx_HAL_Driver/Src/stm32f1xx_hal_cortex.o
 .debug_macro   0x0000000000019422      0x1ad ./Drivers/STM32F1xx_HAL_Driver/Src/stm32f1xx_hal_dma.o
 .debug_macro   0x00000000000195cf      0x218 ./Drivers/STM32F1xx_HAL_Driver/Src/stm32f1xx_hal_gpio.o
 .debug_macro   0x00000000000197e7      0x1fb ./Drivers/STM32F1xx_HAL_Driver/Src/stm32f1xx_hal_i2c.o
 .debug_macro   0x00000000000199e2      0x1bf ./Drivers/STM32F1xx_HAL_Driver/Src/stm32f1xx_hal_rcc.o
 .debug_macro   0x0000000000019ba1      0x1ae ./Drivers/STM32F1xx_HAL_Driver/Src/stm32f1xx_hal_tim.o
 .debug_macro   0x0000000000019d4f      0x1ad ./Drivers/STM32F1xx_HAL_Driver/Src/stm32f1xx_hal_tim_ex.o
 .debug_macro   0x0000000000019efc      0x1ae ./Drivers/STM32F1xx_HAL_Driver/Src/stm32f1xx_hal_uart.o

.debug_line     0x0000000000000000    0x16fa2
 .debug_line    0x0000000000000000      0xb2d ./Core/Src/ESP8266_HAL.o
 .debug_line    0x0000000000000b2d      0xded ./Core/Src/System_FSM.o
 .debug_line    0x000000000000191a      0xa06 ./Core/Src/Traffic_Light_FSM.o
 .debug_line    0x0000000000002320     0x101b ./Core/Src/UartRingbuffer.o
 .debug_line    0x000000000000333b      0xa00 ./Core/Src/button.o
 .debug_line    0x0000000000003d3b      0x8db ./Core/Src/global.o
 .debug_line    0x0000000000004616      0x758 ./Core/Src/i2c-lcd.o
 .debug_line    0x0000000000004d6e      0xb3c ./Core/Src/main.o
 .debug_line    0x00000000000058aa      0xbd2 ./Core/Src/scheduler.o
 .debug_line    0x000000000000647c      0x6fd ./Core/Src/software_timer.o
 .debug_line    0x0000000000006b79      0x7a1 ./Core/Src/stm32f1xx_hal_msp.o
 .debug_line    0x000000000000731a      0x79e ./Core/Src/stm32f1xx_it.o
 .debug_line    0x0000000000007ab8      0x4f8 ./Core/Src/sysmem.o
 .debug_line    0x0000000000007fb0      0x712 ./Core/Src/system_stm32f1xx.o
 .debug_line    0x00000000000086c2       0x86 ./Core/Startup/startup_stm32f103rbtx.o
 .debug_line    0x0000000000008748      0x93f ./Drivers/STM32F1xx_HAL_Driver/Src/stm32f1xx_hal.o
 .debug_line    0x0000000000009087      0xb27 ./Drivers/STM32F1xx_HAL_Driver/Src/stm32f1xx_hal_cortex.o
 .debug_line    0x0000000000009bae      0xd98 ./Drivers/STM32F1xx_HAL_Driver/Src/stm32f1xx_hal_dma.o
 .debug_line    0x000000000000a946      0x9d8 ./Drivers/STM32F1xx_HAL_Driver/Src/stm32f1xx_hal_gpio.o
 .debug_line    0x000000000000b31e     0x3ad5 ./Drivers/STM32F1xx_HAL_Driver/Src/stm32f1xx_hal_i2c.o
 .debug_line    0x000000000000edf3      0xd4b ./Drivers/STM32F1xx_HAL_Driver/Src/stm32f1xx_hal_rcc.o
 .debug_line    0x000000000000fb3e     0x33d9 ./Drivers/STM32F1xx_HAL_Driver/Src/stm32f1xx_hal_tim.o
 .debug_line    0x0000000000012f17     0x1885 ./Drivers/STM32F1xx_HAL_Driver/Src/stm32f1xx_hal_tim_ex.o
 .debug_line    0x000000000001479c     0x2806 ./Drivers/STM32F1xx_HAL_Driver/Src/stm32f1xx_hal_uart.o

.debug_str      0x0000000000000000    0x8e32f
 .debug_str     0x0000000000000000    0x89790 ./Core/Src/ESP8266_HAL.o
                                      0x89be5 (size before relaxing)
 .debug_str     0x0000000000089790      0x1c3 ./Core/Src/System_FSM.o
                                      0x89c52 (size before relaxing)
 .debug_str     0x0000000000089953       0x90 ./Core/Src/Traffic_Light_FSM.o
                                      0x89b5a (size before relaxing)
 .debug_str     0x00000000000899e3      0x274 ./Core/Src/UartRingbuffer.o
                                      0x89de5 (size before relaxing)
 .debug_str     0x0000000000089c57       0xe0 ./Core/Src/button.o
                                      0x89ba0 (size before relaxing)
 .debug_str     0x0000000000089d37       0x15 ./Core/Src/global.o
                                      0x89a8f (size before relaxing)
 .debug_str     0x0000000000089d4c      0x2ce ./Core/Src/i2c-lcd.o
                                      0x854a0 (size before relaxing)
 .debug_str     0x000000000008a01a      0x7b7 ./Core/Src/main.o
                                      0x8a685 (size before relaxing)
 .debug_str     0x000000000008a7d1      0x1f6 ./Core/Src/scheduler.o
                                      0x89c8f (size before relaxing)